Archive member included to satisfy reference by file (symbol)

d:/work/stm32cubeide_1.4.0/stm32cubeide/plugins/com.st.stm32cube.ide.mcu.externaltools.gnu-tools-for-stm32.7-2018-q2-update.win32_1.4.0.202007081208/tools/bin/../lib/gcc/arm-none-eabi/7.3.1/../../../../arm-none-eabi/lib/thumb/v7e-m/fpv4-sp/hard\libc_nano.a(lib_a-errno.o)
                              Core/Src/syscalls.o (__errno)
d:/work/stm32cubeide_1.4.0/stm32cubeide/plugins/com.st.stm32cube.ide.mcu.externaltools.gnu-tools-for-stm32.7-2018-q2-update.win32_1.4.0.202007081208/tools/bin/../lib/gcc/arm-none-eabi/7.3.1/../../../../arm-none-eabi/lib/thumb/v7e-m/fpv4-sp/hard\libc_nano.a(lib_a-exit.o)
                              d:/work/stm32cubeide_1.4.0/stm32cubeide/plugins/com.st.stm32cube.ide.mcu.externaltools.gnu-tools-for-stm32.7-2018-q2-update.win32_1.4.0.202007081208/tools/bin/../lib/gcc/arm-none-eabi/7.3.1/../../../../arm-none-eabi/lib/thumb/v7e-m/fpv4-sp/hard/crt0.o (exit)
d:/work/stm32cubeide_1.4.0/stm32cubeide/plugins/com.st.stm32cube.ide.mcu.externaltools.gnu-tools-for-stm32.7-2018-q2-update.win32_1.4.0.202007081208/tools/bin/../lib/gcc/arm-none-eabi/7.3.1/../../../../arm-none-eabi/lib/thumb/v7e-m/fpv4-sp/hard\libc_nano.a(lib_a-impure.o)
                              d:/work/stm32cubeide_1.4.0/stm32cubeide/plugins/com.st.stm32cube.ide.mcu.externaltools.gnu-tools-for-stm32.7-2018-q2-update.win32_1.4.0.202007081208/tools/bin/../lib/gcc/arm-none-eabi/7.3.1/../../../../arm-none-eabi/lib/thumb/v7e-m/fpv4-sp/hard\libc_nano.a(lib_a-exit.o) (_global_impure_ptr)
d:/work/stm32cubeide_1.4.0/stm32cubeide/plugins/com.st.stm32cube.ide.mcu.externaltools.gnu-tools-for-stm32.7-2018-q2-update.win32_1.4.0.202007081208/tools/bin/../lib/gcc/arm-none-eabi/7.3.1/../../../../arm-none-eabi/lib/thumb/v7e-m/fpv4-sp/hard\libc_nano.a(lib_a-init.o)
                              d:/work/stm32cubeide_1.4.0/stm32cubeide/plugins/com.st.stm32cube.ide.mcu.externaltools.gnu-tools-for-stm32.7-2018-q2-update.win32_1.4.0.202007081208/tools/bin/../lib/gcc/arm-none-eabi/7.3.1/../../../../arm-none-eabi/lib/thumb/v7e-m/fpv4-sp/hard/crt0.o (__libc_init_array)
d:/work/stm32cubeide_1.4.0/stm32cubeide/plugins/com.st.stm32cube.ide.mcu.externaltools.gnu-tools-for-stm32.7-2018-q2-update.win32_1.4.0.202007081208/tools/bin/../lib/gcc/arm-none-eabi/7.3.1/../../../../arm-none-eabi/lib/thumb/v7e-m/fpv4-sp/hard\libc_nano.a(lib_a-memcpy-stub.o)
                              Middlewares/Third_Party/FreeRTOS/cmsis_os2.o (memcpy)
d:/work/stm32cubeide_1.4.0/stm32cubeide/plugins/com.st.stm32cube.ide.mcu.externaltools.gnu-tools-for-stm32.7-2018-q2-update.win32_1.4.0.202007081208/tools/bin/../lib/gcc/arm-none-eabi/7.3.1/../../../../arm-none-eabi/lib/thumb/v7e-m/fpv4-sp/hard\libc_nano.a(lib_a-memset.o)
                              d:/work/stm32cubeide_1.4.0/stm32cubeide/plugins/com.st.stm32cube.ide.mcu.externaltools.gnu-tools-for-stm32.7-2018-q2-update.win32_1.4.0.202007081208/tools/bin/../lib/gcc/arm-none-eabi/7.3.1/../../../../arm-none-eabi/lib/thumb/v7e-m/fpv4-sp/hard/crt0.o (memset)
d:/work/stm32cubeide_1.4.0/stm32cubeide/plugins/com.st.stm32cube.ide.mcu.externaltools.gnu-tools-for-stm32.7-2018-q2-update.win32_1.4.0.202007081208/tools/bin/../lib/gcc/arm-none-eabi/7.3.1/../../../../arm-none-eabi/lib/thumb/v7e-m/fpv4-sp/hard\libc_nano.a(lib_a-puts.o)
                              Core/Src/main.o (puts)
d:/work/stm32cubeide_1.4.0/stm32cubeide/plugins/com.st.stm32cube.ide.mcu.externaltools.gnu-tools-for-stm32.7-2018-q2-update.win32_1.4.0.202007081208/tools/bin/../lib/gcc/arm-none-eabi/7.3.1/../../../../arm-none-eabi/lib/thumb/v7e-m/fpv4-sp/hard\libc_nano.a(lib_a-wbuf.o)
                              d:/work/stm32cubeide_1.4.0/stm32cubeide/plugins/com.st.stm32cube.ide.mcu.externaltools.gnu-tools-for-stm32.7-2018-q2-update.win32_1.4.0.202007081208/tools/bin/../lib/gcc/arm-none-eabi/7.3.1/../../../../arm-none-eabi/lib/thumb/v7e-m/fpv4-sp/hard\libc_nano.a(lib_a-puts.o) (__swbuf_r)
d:/work/stm32cubeide_1.4.0/stm32cubeide/plugins/com.st.stm32cube.ide.mcu.externaltools.gnu-tools-for-stm32.7-2018-q2-update.win32_1.4.0.202007081208/tools/bin/../lib/gcc/arm-none-eabi/7.3.1/../../../../arm-none-eabi/lib/thumb/v7e-m/fpv4-sp/hard\libc_nano.a(lib_a-wsetup.o)
                              d:/work/stm32cubeide_1.4.0/stm32cubeide/plugins/com.st.stm32cube.ide.mcu.externaltools.gnu-tools-for-stm32.7-2018-q2-update.win32_1.4.0.202007081208/tools/bin/../lib/gcc/arm-none-eabi/7.3.1/../../../../arm-none-eabi/lib/thumb/v7e-m/fpv4-sp/hard\libc_nano.a(lib_a-puts.o) (__swsetup_r)
d:/work/stm32cubeide_1.4.0/stm32cubeide/plugins/com.st.stm32cube.ide.mcu.externaltools.gnu-tools-for-stm32.7-2018-q2-update.win32_1.4.0.202007081208/tools/bin/../lib/gcc/arm-none-eabi/7.3.1/../../../../arm-none-eabi/lib/thumb/v7e-m/fpv4-sp/hard\libc_nano.a(lib_a-fflush.o)
[...]
Memory Configuration

Name             Origin             Length             Attributes
m_interrupts     0x0000000000000000 0x0000000000000298 xr
m_text           0x0000000010000000 0x0000000000020000 xr
m_data           0x0000000010020000 0x0000000000020000 rw
m_ipc_shm        0x0000000010040000 0x0000000000008000 rw
*default*        0x0000000000000000 0xffffffffffffffff

Linker script and memory map

LOAD d:/work/stm32cubeide_1.4.0/stm32cubeide/plugins/com.st.stm32cube.ide.mcu.externaltools.gnu-tools-for-stm32.7-2018-q2-update.win32_1.4.0.202007081208/tools/bin/../lib/gcc/arm-none-eabi/7.3.1/thumb/v7e-m/fpv4-sp/hard/crti.o
LOAD d:/work/stm32cubeide_1.4.0/stm32cubeide/plugins/com.st.stm32cube.ide.mcu.externaltools.gnu-tools-for-stm32.7-2018-q2-update.win32_1.4.0.202007081208/tools/bin/../lib/gcc/arm-none-eabi/7.3.1/thumb/v7e-m/fpv4-sp/hard/crtbegin.o
LOAD d:/work/stm32cubeide_1.4.0/stm32cubeide/plugins/com.st.stm32cube.ide.mcu.externaltools.gnu-tools-for-stm32.7-2018-q2-update.win32_1.4.0.202007081208/tools/bin/../lib/gcc/arm-none-eabi/7.3.1/../../../../arm-none-eabi/lib/thumb/v7e-m/fpv4-sp/hard/crt0.o
LOAD Common/System/system_stm32mp1xx.o
LOAD Core/Src/app_freertos.o
LOAD Core/Src/main.o
LOAD Core/Src/stm32mp1xx_hal_msp.o
LOAD Core/Src/stm32mp1xx_it.o
LOAD Core/Src/syscalls.o
LOAD Core/Src/sysmem.o
LOAD Core/Startup/startup_stm32mp157daax.o
LOAD Drivers/STM32MP1xx_HAL_Driver/stm32mp1xx_hal.o
LOAD Drivers/STM32MP1xx_HAL_Driver/stm32mp1xx_hal_cortex.o
LOAD Drivers/STM32MP1xx_HAL_Driver/stm32mp1xx_hal_dma.o
LOAD Drivers/STM32MP1xx_HAL_Driver/stm32mp1xx_hal_dma_ex.o
LOAD Drivers/STM32MP1xx_HAL_Driver/stm32mp1xx_hal_exti.o
LOAD Drivers/STM32MP1xx_HAL_Driver/stm32mp1xx_hal_gpio.o
LOAD Drivers/STM32MP1xx_HAL_Driver/stm32mp1xx_hal_hsem.o
LOAD Drivers/STM32MP1xx_HAL_Driver/stm32mp1xx_hal_mdma.o
LOAD Drivers/STM32MP1xx_HAL_Driver/stm32mp1xx_hal_pwr.o
LOAD Drivers/STM32MP1xx_HAL_Driver/stm32mp1xx_hal_pwr_ex.o
LOAD Drivers/STM32MP1xx_HAL_Driver/stm32mp1xx_hal_rcc.o
LOAD Drivers/STM32MP1xx_HAL_Driver/stm32mp1xx_hal_rcc_ex.o
LOAD Drivers/STM32MP1xx_HAL_Driver/stm32mp1xx_hal_tim.o
LOAD Drivers/STM32MP1xx_HAL_Driver/stm32mp1xx_hal_tim_ex.o
LOAD Drivers/STM32MP1xx_HAL_Driver/stm32mp1xx_hal_uart.o
LOAD Drivers/STM32MP1xx_HAL_Driver/stm32mp1xx_hal_uart_ex.o
LOAD Middlewares/Third_Party/FreeRTOS/cmsis_os2.o
LOAD Middlewares/Third_Party/FreeRTOS/croutine.o
LOAD Middlewares/Third_Party/FreeRTOS/event_groups.o
LOAD Middlewares/Third_Party/FreeRTOS/heap_4.o
LOAD Middlewares/Third_Party/FreeRTOS/list.o
LOAD Middlewares/Third_Party/FreeRTOS/port.o
LOAD Middlewares/Third_Party/FreeRTOS/queue.o
LOAD Middlewares/Third_Party/FreeRTOS/stream_buffer.o
LOAD Middlewares/Third_Party/FreeRTOS/tasks.o
LOAD Middlewares/Third_Party/FreeRTOS/timers.o
START GROUP
LOAD d:/work/stm32cubeide_1.4.0/stm32cubeide/plugins/com.st.stm32cube.ide.mcu.externaltools.gnu-tools-for-stm32.7-2018-q2-update.win32_1.4.0.202007081208/tools/bin/../lib/gcc/arm-none-eabi/7.3.1/../../../../arm-none-eabi/lib/thumb/v7e-m/fpv4-sp/hard\libc_nano.a
LOAD d:/work/stm32cubeide_1.4.0/stm32cubeide/plugins/com.st.stm32cube.ide.mcu.externaltools.gnu-tools-for-stm32.7-2018-q2-update.win32_1.4.0.202007081208/tools/bin/../lib/gcc/arm-none-eabi/7.3.1/../../../../arm-none-eabi/lib/thumb/v7e-m/fpv4-sp/hard\libm.a
END GROUP
START GROUP
LOAD d:/work/stm32cubeide_1.4.0/stm32cubeide/plugins/com.st.stm32cube.ide.mcu.externaltools.gnu-tools-for-stm32.7-2018-q2-update.win32_1.4.0.202007081208/tools/bin/../lib/gcc/arm-none-eabi/7.3.1/thumb/v7e-m/fpv4-sp/hard\libgcc.a
LOAD d:/work/stm32cubeide_1.4.0/stm32cubeide/plugins/com.st.stm32cube.ide.mcu.externaltools.gnu-tools-for-stm32.7-2018-q2-update.win32_1.4.0.202007081208/tools/bin/../lib/gcc/arm-none-eabi/7.3.1/../../../../arm-none-eabi/lib/thumb/v7e-m/fpv4-sp/hard\libc_nano.a
END GROUP
START GROUP
LOAD d:/work/stm32cubeide_1.4.0/stm32cubeide/plugins/com.st.stm32cube.ide.mcu.externaltools.gnu-tools-for-stm32.7-2018-q2-update.win32_1.4.0.202007081208/tools/bin/../lib/gcc/arm-none-eabi/7.3.1/thumb/v7e-m/fpv4-sp/hard\libgcc.a
LOAD d:/work/stm32cubeide_1.4.0/stm32cubeide/plugins/com.st.stm32cube.ide.mcu.externaltools.gnu-tools-for-stm32.7-2018-q2-update.win32_1.4.0.202007081208/tools/bin/../lib/gcc/arm-none-eabi/7.3.1/../../../../arm-none-eabi/lib/thumb/v7e-m/fpv4-sp/hard\libc_nano.a
LOAD d:/work/stm32cubeide_1.4.0/stm32cubeide/plugins/com.st.stm32cube.ide.mcu.externaltools.gnu-tools-for-stm32.7-2018-q2-update.win32_1.4.0.202007081208/tools/bin/../lib/gcc/arm-none-eabi/7.3.1/../../../../arm-none-eabi/lib/thumb/v7e-m/fpv4-sp/hard\libnosys.a
END GROUP
START GROUP
LOAD d:/work/stm32cubeide_1.4.0/stm32cubeide/plugins/com.st.stm32cube.ide.mcu.externaltools.gnu-tools-for-stm32.7-2018-q2-update.win32_1.4.0.202007081208/tools/bin/../lib/gcc/arm-none-eabi/7.3.1/thumb/v7e-m/fpv4-sp/hard\libgcc.a
LOAD d:/work/stm32cubeide_1.4.0/stm32cubeide/plugins/com.st.stm32cube.ide.mcu.externaltools.gnu-tools-for-stm32.7-2018-q2-update.win32_1.4.0.202007081208/tools/bin/../lib/gcc/arm-none-eabi/7.3.1/../../../../arm-none-eabi/lib/thumb/v7e-m/fpv4-sp/hard\libc_nano.a
LOAD d:/work/stm32cubeide_1.4.0/stm32cubeide/plugins/com.st.stm32cube.ide.mcu.externaltools.gnu-tools-for-stm32.7-2018-q2-update.win32_1.4.0.202007081208/tools/bin/../lib/gcc/arm-none-eabi/7.3.1/../../../../arm-none-eabi/lib/thumb/v7e-m/fpv4-sp/hard\libnosys.a
END GROUP
LOAD d:/work/stm32cubeide_1.4.0/stm32cubeide/plugins/com.st.stm32cube.ide.mcu.externaltools.gnu-tools-for-stm32.7-2018-q2-update.win32_1.4.0.202007081208/tools/bin/../lib/gcc/arm-none-eabi/7.3.1/thumb/v7e-m/fpv4-sp/hard/crtend.o
LOAD d:/work/stm32cubeide_1.4.0/stm32cubeide/plugins/com.st.stm32cube.ide.mcu.externaltools.gnu-tools-for-stm32.7-2018-q2-update.win32_1.4.0.202007081208/tools/bin/../lib/gcc/arm-none-eabi/7.3.1/thumb/v7e-m/fpv4-sp/hard/crtn.o
                0x0000000010040000                _estack = 0x10040000
                0x0000000000000200                _Min_Heap_Size = 0x200
                0x0000000000000400                _Min_Stack_Size = 0x400
                0x0000000010040000                __OPENAMP_region_start__ = ORIGIN (m_ipc_shm)
                0x0000000010048000                __OPENAMP_region_end__ = (ORIGIN (m_ipc_shm) + LENGTH (m_ipc_shm))

.isr_vector     0x0000000000000000      0x298
                0x0000000000000000                . = ALIGN (0x4)
 *(.isr_vector)
 .isr_vector    0x0000000000000000      0x298 Core/Startup/startup_stm32mp157daax.o
                0x0000000000000000                g_pfnVectors
                0x0000000000000298                . = ALIGN (0x4)

.text           0x0000000010000000     0x9324
                0x0000000010000000                . = ALIGN (0x4)
 *(.text)
 .text          0x0000000010000000       0x40 d:/work/stm32cubeide_1.4.0/stm32cubeide/plugins/com.st.stm32cube.ide.mcu.externaltools.gnu-tools-for-stm32.7-2018-q2-update.win32_1.4.0.202007081208/tools/bin/../lib/gcc/arm-none-eabi/7.3.1/thumb/v7e-m/fpv4-sp/hard/crtbegin.o
 *(.text*)
 .text.SystemInit
                0x0000000010000040       0x4c Common/System/system_stm32mp1xx.o
                0x0000000010000040                SystemInit
 .text.main     0x000000001000008c       0x68 Core/Src/main.o
                0x000000001000008c                main
 .text.SystemClock_Config
                0x00000000100000f4      0x156 Core/Src/main.o
                0x00000000100000f4                SystemClock_Config
 *fill*         0x000000001000024a        0x2 
 .text.MX_UART7_Init
                0x000000001000024c       0x98 Core/Src/main.o
 .text.MX_GPIO_Init
                0x00000000100002e4       0x78 Core/Src/main.o
 .text.__io_putchar
                0x000000001000035c       0x34 Core/Src/main.o
                0x000000001000035c                __io_putchar
 .text.StartDefaultTask
                0x0000000010000390       0x10 Core/Src/main.o
                0x0000000010000390                StartDefaultTask
 .text.StartTask02
                0x00000000100003a0       0x48 Core/Src/main.o
                0x00000000100003a0                StartTask02
 .text.Error_Handler
                0x00000000100003e8        0xe Core/Src/main.o
                0x00000000100003e8                Error_Handler
 .text.HAL_MspInit
                0x00000000100003f6       0x1a Core/Src/stm32mp1xx_hal_msp.o
                0x00000000100003f6                HAL_MspInit
 .text.HAL_UART_MspInit
                0x0000000010000410       0xec Core/Src/stm32mp1xx_hal_msp.o
                0x0000000010000410                HAL_UART_MspInit
 .text.NMI_Handler
                0x00000000100004fc        0xe Core/Src/stm32mp1xx_it.o
                0x00000000100004fc                NMI_Handler
 .text.HardFault_Handler
                0x000000001000050a        0x6 Core/Src/stm32mp1xx_it.o
                0x000000001000050a                HardFault_Handler
 .text.MemManage_Handler
                0x0000000010000510        0x6 Core/Src/stm32mp1xx_it.o
                0x0000000010000510                MemManage_Handler
 .text.BusFault_Handler
                0x0000000010000516        0x6 Core/Src/stm32mp1xx_it.o
                0x0000000010000516                BusFault_Handler
 .text.UsageFault_Handler
                0x000000001000051c        0x6 Core/Src/stm32mp1xx_it.o
                0x000000001000051c                UsageFault_Handler
 .text.DebugMon_Handler
                0x0000000010000522        0xe Core/Src/stm32mp1xx_it.o
                0x0000000010000522                DebugMon_Handler
 .text.SysTick_Handler
                0x0000000010000530       0x1a Core/Src/stm32mp1xx_it.o
                0x0000000010000530                SysTick_Handler
 .text._read    0x000000001000054a       0x3a Core/Src/syscalls.o
                0x000000001000054a                _read
 .text._write   0x0000000010000584       0x38 Core/Src/syscalls.o
                0x0000000010000584                _write
 .text._close   0x00000000100005bc       0x18 Core/Src/syscalls.o
                0x00000000100005bc                _close
 .text._fstat   0x00000000100005d4       0x20 Core/Src/syscalls.o
                0x00000000100005d4                _fstat
 .text._isatty  0x00000000100005f4       0x16 Core/Src/syscalls.o
                0x00000000100005f4                _isatty
 .text._lseek   0x000000001000060a       0x1a Core/Src/syscalls.o
                0x000000001000060a                _lseek
 .text._sbrk    0x0000000010000624       0x6c Core/Src/sysmem.o
                0x0000000010000624                _sbrk
 .text.Default_Handler
                0x0000000010000690        0x2 Core/Startup/startup_stm32mp157daax.o
                0x0000000010000690                EXTI2_IRQHandler
                0x0000000010000690                TIM8_TRG_COM_IRQHandler
                0x0000000010000690                TIM8_CC_IRQHandler
                0x0000000010000690                EXTI5_IRQHandler
                0x0000000010000690                UART8_IRQHandler
                0x0000000010000690                SPI4_IRQHandler
                0x0000000010000690                EXTI13_IRQHandler
                0x0000000010000690                TIM1_CC_IRQHandler
                0x0000000010000690                DMA2_Stream5_IRQHandler
                0x0000000010000690                ETH1_WKUP_IRQHandler
                0x0000000010000690                TAMP_IRQHandler
                0x0000000010000690                DMA1_Stream5_IRQHandler
                0x0000000010000690                TIM6_IRQHandler
                0x0000000010000690                EXTI12_IRQHandler
                0x0000000010000690                EXTI3_IRQHandler
                0x0000000010000690                LPTIM4_IRQHandler
                0x0000000010000690                EXTI8_IRQHandler
                0x0000000010000690                LPTIM2_IRQHandler
                0x0000000010000690                DFSDM1_FLT1_IRQHandler
                0x0000000010000690                I2C3_ER_IRQHandler
                0x0000000010000690                DFSDM1_FLT2_IRQHandler
                0x0000000010000690                I2C5_EV_IRQHandler
                0x0000000010000690                MDMA_IRQHandler
                0x0000000010000690                IPCC_TX1_IRQHandler
                0x0000000010000690                LPTIM3_IRQHandler
                0x0000000010000690                EXTI0_IRQHandler
                0x0000000010000690                I2C2_EV_IRQHandler
                0x0000000010000690                DMA1_Stream2_IRQHandler
                0x0000000010000690                FPU_IRQHandler
                0x0000000010000690                USBH_OHCI_IRQHandler
                0x0000000010000690                FDCAN1_IT1_IRQHandler
                0x0000000010000690                LTDC_ER_IRQHandler
                0x0000000010000690                DMA2_Stream2_IRQHandler
                0x0000000010000690                IPCC_RX0_IRQHandler
                0x0000000010000690                OTG_IRQHandler
                0x0000000010000690                SPI1_IRQHandler
                0x0000000010000690                DCMI_IRQHandler
                0x0000000010000690                TIM8_UP_IRQHandler
                0x0000000010000690                DMA2_Stream3_IRQHandler
                0x0000000010000690                USBH_EHCI_IRQHandler
                0x0000000010000690                nCTIIRQ2_IRQHandler
                0x0000000010000690                HASH1_IRQHandler
                0x0000000010000690                GPU_IRQHandler
                0x0000000010000690                SAI2_IRQHandler
                0x0000000010000690                ADC1_IRQHandler
                0x0000000010000690                RESERVED148_IRQHandler
                0x0000000010000690                RTC_TIMESTAMP_IRQHandler
                0x0000000010000690                DFSDM1_FLT3_IRQHandler
                0x0000000010000690                USART6_IRQHandler
                0x0000000010000690                EXTI15_IRQHandler
                0x0000000010000690                TIM17_IRQHandler
                0x0000000010000690                USART3_IRQHandler
                0x0000000010000690                EXTI9_IRQHandler
                0x0000000010000690                LPTIM5_IRQHandler
                0x0000000010000690                UART5_IRQHandler
                0x0000000010000690                DMA2_Stream0_IRQHandler
                0x0000000010000690                TIM4_IRQHandler
                0x0000000010000690                RCC_WAKEUP_IRQHandler
                0x0000000010000690                CRYP2_IRQHandler
                0x0000000010000690                QUADSPI_IRQHandler
                0x0000000010000690                I2C1_EV_IRQHandler
                0x0000000010000690                DMA1_Stream6_IRQHandler
                0x0000000010000690                RESERVED99_IRQHandler
                0x0000000010000690                DMAMUX1_OVR_IRQHandler
                0x0000000010000690                DMA1_Stream1_IRQHandler
                0x0000000010000690                TIM16_IRQHandler
                0x0000000010000690                UART4_IRQHandler
                0x0000000010000690                TIM3_IRQHandler
                0x0000000010000690                RCC_IRQHandler
                0x0000000010000690                TIM1_TRG_COM_IRQHandler
                0x0000000010000690                nCTIIRQ1_IRQHandler
                0x0000000010000690                Default_Handler
                0x0000000010000690                IPCC_RX1_IRQHandler
                0x0000000010000690                CEC_IRQHandler
                0x0000000010000690                DFSDM1_FLT4_IRQHandler
                0x0000000010000690                TIM14_IRQHandler
                0x0000000010000690                I2C5_ER_IRQHandler
                0x0000000010000690                TIM13_IRQHandler
                0x0000000010000690                DMA1_Stream7_IRQHandler
                0x0000000010000690                IPCC_TX0_IRQHandler
                0x0000000010000690                SPI5_IRQHandler
                0x0000000010000690                TIM12_IRQHandler
                0x0000000010000690                TIM7_IRQHandler
                0x0000000010000690                SDMMC1_IRQHandler
                0x0000000010000690                TIM5_IRQHandler
                0x0000000010000690                DMA2_Stream7_IRQHandler
                0x0000000010000690                TIM15_IRQHandler
                0x0000000010000690                PVD_AVD_IRQHandler
                0x0000000010000690                I2C3_EV_IRQHandler
                0x0000000010000690                SDMMC3_IRQHandler
                0x0000000010000690                ETH1_IRQHandler
                0x0000000010000690                LTDC_IRQHandler
                0x0000000010000690                SAI3_IRQHandler
                0x0000000010000690                SPDIF_RX_IRQHandler
                0x0000000010000690                ADC2_IRQHandler
                0x0000000010000690                SPI2_IRQHandler
                0x0000000010000690                DFSDM1_FLT5_IRQHandler
                0x0000000010000690                DMA1_Stream0_IRQHandler
                0x0000000010000690                EXTI14_IRQHandler
                0x0000000010000690                EXTI11_IRQHandler
                0x0000000010000690                CRYP1_IRQHandler
                0x0000000010000690                RNG2_IRQHandler
                0x0000000010000690                RNG1_IRQHandler
                0x0000000010000690                HASH2_IRQHandler
                0x0000000010000690                EXTI4_IRQHandler
                0x0000000010000690                ETH1_LPI_IRQHandler
                0x0000000010000690                FDCAN2_IT1_IRQHandler
                0x0000000010000690                DSI_IRQHandler
                0x0000000010000690                TIM1_UP_IRQHandler
                0x0000000010000690                HSEM_IT2_IRQHandler
                0x0000000010000690                SPI6_IRQHandler
                0x0000000010000690                MDIOS_IRQHandler
                0x0000000010000690                I2C4_EV_IRQHandler
                0x0000000010000690                FDCAN2_IT0_IRQHandler
                0x0000000010000690                I2C6_ER_IRQHandler
                0x0000000010000690                FDCAN1_IT0_IRQHandler
                0x0000000010000690                TIM2_IRQHandler
                0x0000000010000690                EXTI7_IRQHandler
                0x0000000010000690                TIM1_BRK_IRQHandler
                0x0000000010000690                DAC_IRQHandler
                0x0000000010000690                EXTI1_IRQHandler
                0x0000000010000690                SDMMC2_IRQHandler
                0x0000000010000690                DTS_IRQHandler
                0x0000000010000690                UART7_IRQHandler
                0x0000000010000690                USART2_IRQHandler
                0x0000000010000690                I2C6_EV_IRQHandler
                0x0000000010000690                DFSDM1_FLT0_IRQHandler
                0x0000000010000690                SAI4_IRQHandler
                0x0000000010000690                I2C2_ER_IRQHandler
                0x0000000010000690                DMA2_Stream1_IRQHandler
                0x0000000010000690                TIM8_BRK_IRQHandler
                0x0000000010000690                WWDG1_IRQHandler
                0x0000000010000690                DMA2_Stream4_IRQHandler
                0x0000000010000690                USART1_IRQHandler
                0x0000000010000690                RESERVED143_IRQHandler
                0x0000000010000690                EXTI10_IRQHandler
                0x0000000010000690                SPI3_IRQHandler
                0x0000000010000690                WAKEUP_PIN_IRQHandler
                0x0000000010000690                DMA1_Stream4_IRQHandler
                0x0000000010000690                I2C1_ER_IRQHandler
                0x0000000010000690                FMC_IRQHandler
                0x0000000010000690                FDCAN_CAL_IRQHandler
                0x0000000010000690                EXTI6_IRQHandler
                0x0000000010000690                MPU_SEV_IRQHandler
                0x0000000010000690                LPTIM1_IRQHandler
                0x0000000010000690                RTC_WKUP_ALARM_IRQHandler
                0x0000000010000690                I2C4_ER_IRQHandler
                0x0000000010000690                DMA2_Stream6_IRQHandler
                0x0000000010000690                SAI1_IRQHandler
                0x0000000010000690                DMA1_Stream3_IRQHandler
                0x0000000010000690                RESERVED4_IRQHandler
 *fill*         0x0000000010000692        0x2 
 .text.HAL_Init
                0x0000000010000694       0x34 Drivers/STM32MP1xx_HAL_Driver/stm32mp1xx_hal.o
                0x0000000010000694                HAL_Init
 .text.HAL_InitTick
                0x00000000100006c8       0x6c Drivers/STM32MP1xx_HAL_Driver/stm32mp1xx_hal.o
                0x00000000100006c8                HAL_InitTick
 .text.HAL_IncTick
                0x0000000010000734       0x28 Drivers/STM32MP1xx_HAL_Driver/stm32mp1xx_hal.o
                0x0000000010000734                HAL_IncTick
 .text.HAL_GetTick
                0x000000001000075c       0x18 Drivers/STM32MP1xx_HAL_Driver/stm32mp1xx_hal.o
                0x000000001000075c                HAL_GetTick
 .text.__NVIC_SetPriorityGrouping
                0x0000000010000774       0x48 Drivers/STM32MP1xx_HAL_Driver/stm32mp1xx_hal_cortex.o
 .text.__NVIC_GetPriorityGrouping
                0x00000000100007bc       0x1c Drivers/STM32MP1xx_HAL_Driver/stm32mp1xx_hal_cortex.o
 .text.__NVIC_SetPriority
                0x00000000100007d8       0x54 Drivers/STM32MP1xx_HAL_Driver/stm32mp1xx_hal_cortex.o
 .text.NVIC_EncodePriority
                0x000000001000082c       0x66 Drivers/STM32MP1xx_HAL_Driver/stm32mp1xx_hal_cortex.o
 *fill*         0x0000000010000892        0x2 
 .text.SysTick_Config
                0x0000000010000894       0x44 Drivers/STM32MP1xx_HAL_Driver/stm32mp1xx_hal_cortex.o
 .text.HAL_NVIC_SetPriorityGrouping
                0x00000000100008d8       0x16 Drivers/STM32MP1xx_HAL_Driver/stm32mp1xx_hal_cortex.o
                0x00000000100008d8                HAL_NVIC_SetPriorityGrouping
 .text.HAL_NVIC_SetPriority
                0x00000000100008ee       0x38 Drivers/STM32MP1xx_HAL_Driver/stm32mp1xx_hal_cortex.o
                0x00000000100008ee                HAL_NVIC_SetPriority
 .text.HAL_SYSTICK_Config
                0x0000000010000926       0x18 Drivers/STM32MP1xx_HAL_Driver/stm32mp1xx_hal_cortex.o
                0x0000000010000926                HAL_SYSTICK_Config
 *fill*         0x000000001000093e        0x2 
 .text.HAL_GPIO_Init
                0x0000000010000940      0x350 Drivers/STM32MP1xx_HAL_Driver/stm32mp1xx_hal_gpio.o
                0x0000000010000940                HAL_GPIO_Init
 .text.HAL_GPIO_WritePin
                0x0000000010000c90       0x32 Drivers/STM32MP1xx_HAL_Driver/stm32mp1xx_hal_gpio.o
                0x0000000010000c90                HAL_GPIO_WritePin
 *fill*         0x0000000010000cc2        0x2 
 .text.HAL_RCC_OscConfig
                0x0000000010000cc4      0x660 Drivers/STM32MP1xx_HAL_Driver/stm32mp1xx_hal_rcc.o
                0x0000000010000cc4                HAL_RCC_OscConfig
 .text.HAL_RCC_HSEConfig
                0x0000000010001324       0xd6 Drivers/STM32MP1xx_HAL_Driver/stm32mp1xx_hal_rcc.o
                0x0000000010001324                HAL_RCC_HSEConfig
 .text.HAL_RCC_LSEConfig
                0x00000000100013fa       0xfa Drivers/STM32MP1xx_HAL_Driver/stm32mp1xx_hal_rcc.o
                0x00000000100013fa                HAL_RCC_LSEConfig
 .text.RCC_PLL1_Config
                0x00000000100014f4      0x308 Drivers/STM32MP1xx_HAL_Driver/stm32mp1xx_hal_rcc.o
                0x00000000100014f4                RCC_PLL1_Config
 .text.HAL_RCC_ClockConfig
                0x00000000100017fc      0x224 Drivers/STM32MP1xx_HAL_Driver/stm32mp1xx_hal_rcc.o
                0x00000000100017fc                HAL_RCC_ClockConfig
 .text.RCC_MPUConfig
                0x0000000010001a20       0xec Drivers/STM32MP1xx_HAL_Driver/stm32mp1xx_hal_rcc.o
                0x0000000010001a20                RCC_MPUConfig
 .text.RCC_AXISSConfig
                0x0000000010001b0c      0x126 Drivers/STM32MP1xx_HAL_Driver/stm32mp1xx_hal_rcc.o
                0x0000000010001b0c                RCC_AXISSConfig
 *fill*         0x0000000010001c32        0x2 
 .text.RCC_MCUConfig
                0x0000000010001c34      0x150 Drivers/STM32MP1xx_HAL_Driver/stm32mp1xx_hal_rcc.o
                0x0000000010001c34                RCC_MCUConfig
 .text.HAL_RCC_GetPLL2ClockFreq
                0x0000000010001d84      0x1cc Drivers/STM32MP1xx_HAL_Driver/stm32mp1xx_hal_rcc.o
                0x0000000010001d84                HAL_RCC_GetPLL2ClockFreq
 .text.HAL_RCC_GetPLL3ClockFreq
                0x0000000010001f50      0x1f4 Drivers/STM32MP1xx_HAL_Driver/stm32mp1xx_hal_rcc.o
                0x0000000010001f50                HAL_RCC_GetPLL3ClockFreq
 .text.HAL_RCC_GetPLL4ClockFreq
                0x0000000010002144      0x210 Drivers/STM32MP1xx_HAL_Driver/stm32mp1xx_hal_rcc.o
                0x0000000010002144                HAL_RCC_GetPLL4ClockFreq
 .text.HAL_RCC_GetPCLK1Freq
                0x0000000010002354       0x36 Drivers/STM32MP1xx_HAL_Driver/stm32mp1xx_hal_rcc.o
                0x0000000010002354                HAL_RCC_GetPCLK1Freq
 .text.HAL_RCC_GetPCLK2Freq
                0x000000001000238a       0x36 Drivers/STM32MP1xx_HAL_Driver/stm32mp1xx_hal_rcc.o
                0x000000001000238a                HAL_RCC_GetPCLK2Freq
 .text.HAL_RCC_GetPCLK5Freq
                0x00000000100023c0       0x34 Drivers/STM32MP1xx_HAL_Driver/stm32mp1xx_hal_rcc.o
                0x00000000100023c0                HAL_RCC_GetPCLK5Freq
 .text.HAL_RCC_GetACLKFreq
                0x00000000100023f4       0x3a Drivers/STM32MP1xx_HAL_Driver/stm32mp1xx_hal_rcc.o
                0x00000000100023f4                HAL_RCC_GetACLKFreq
 .text.HAL_RCC_GetMCUFreq
                0x000000001000242e       0x36 Drivers/STM32MP1xx_HAL_Driver/stm32mp1xx_hal_rcc.o
                0x000000001000242e                HAL_RCC_GetMCUFreq
 .text.HAL_RCC_GetSystemCoreClockFreq
                0x0000000010002464        0xe Drivers/STM32MP1xx_HAL_Driver/stm32mp1xx_hal_rcc.o
                0x0000000010002464                HAL_RCC_GetSystemCoreClockFreq
 *fill*         0x0000000010002472        0x2 
 .text.HAL_RCC_GetAXISSFreq
                0x0000000010002474       0x78 Drivers/STM32MP1xx_HAL_Driver/stm32mp1xx_hal_rcc.o
                0x0000000010002474                HAL_RCC_GetAXISSFreq
 .text.HAL_RCC_GetMCUSSFreq
                0x00000000100024ec       0x74 Drivers/STM32MP1xx_HAL_Driver/stm32mp1xx_hal_rcc.o
                0x00000000100024ec                HAL_RCC_GetMCUSSFreq
 .text.RCCEx_PLL2_Config
                0x0000000010002560      0x304 Drivers/STM32MP1xx_HAL_Driver/stm32mp1xx_hal_rcc_ex.o
                0x0000000010002560                RCCEx_PLL2_Config
 .text.RCCEx_PLL3_Config
                0x0000000010002864      0x2d4 Drivers/STM32MP1xx_HAL_Driver/stm32mp1xx_hal_rcc_ex.o
                0x0000000010002864                RCCEx_PLL3_Config
 .text.RCCEx_PLL4_Config
                0x0000000010002b38      0x2b0 Drivers/STM32MP1xx_HAL_Driver/stm32mp1xx_hal_rcc_ex.o
                0x0000000010002b38                RCCEx_PLL4_Config
 .text.HAL_RCCEx_PeriphCLKConfig
                0x0000000010002de8     0x18cc Drivers/STM32MP1xx_HAL_Driver/stm32mp1xx_hal_rcc_ex.o
                0x0000000010002de8                HAL_RCCEx_PeriphCLKConfig
 .text.HAL_UART_Init
                0x00000000100046b4       0xa0 Drivers/STM32MP1xx_HAL_Driver/stm32mp1xx_hal_uart.o
                0x00000000100046b4                HAL_UART_Init
 .text.UART_SetConfig
                0x0000000010004754     0x12d8 Drivers/STM32MP1xx_HAL_Driver/stm32mp1xx_hal_uart.o
                0x0000000010004754                UART_SetConfig
 .text.UART_AdvFeatureConfig
                0x0000000010005a2c      0x144 Drivers/STM32MP1xx_HAL_Driver/stm32mp1xx_hal_uart.o
                0x0000000010005a2c                UART_AdvFeatureConfig
 .text.UART_CheckIdleState
                0x0000000010005b70       0x90 Drivers/STM32MP1xx_HAL_Driver/stm32mp1xx_hal_uart.o
                0x0000000010005b70                UART_CheckIdleState
 .text.UART_WaitOnFlagUntilTimeout
                0x0000000010005c00      0x100 Drivers/STM32MP1xx_HAL_Driver/stm32mp1xx_hal_uart.o
                0x0000000010005c00                UART_WaitOnFlagUntilTimeout
 .text.HAL_UARTEx_DisableFifoMode
                0x0000000010005d00       0x72 Drivers/STM32MP1xx_HAL_Driver/stm32mp1xx_hal_uart_ex.o
                0x0000000010005d00                HAL_UARTEx_DisableFifoMode
 .text.HAL_UARTEx_SetTxFifoThreshold
                0x0000000010005d72       0x7c Drivers/STM32MP1xx_HAL_Driver/stm32mp1xx_hal_uart_ex.o
                0x0000000010005d72                HAL_UARTEx_SetTxFifoThreshold
 .text.HAL_UARTEx_SetRxFifoThreshold
                0x0000000010005dee       0x7c Drivers/STM32MP1xx_HAL_Driver/stm32mp1xx_hal_uart_ex.o
                0x0000000010005dee                HAL_UARTEx_SetRxFifoThreshold
 *fill*         0x0000000010005e6a        0x2 
 .text.UARTEx_SetNbDataToProcess
                0x0000000010005e6c       0xd0 Drivers/STM32MP1xx_HAL_Driver/stm32mp1xx_hal_uart_ex.o
 .text.SVC_Setup
                0x0000000010005f3c        0xe Middlewares/Third_Party/FreeRTOS/cmsis_os2.o
 *fill*         0x0000000010005f4a        0x2 
 .text.osKernelInitialize
                0x0000000010005f4c       0x68 Middlewares/Third_Party/FreeRTOS/cmsis_os2.o
                0x0000000010005f4c                osKernelInitialize
 .text.osKernelStart
                0x0000000010005fb4       0x6c Middlewares/Third_Party/FreeRTOS/cmsis_os2.o
                0x0000000010005fb4                osKernelStart
 .text.osThreadNew
                0x0000000010006020      0x14c Middlewares/Third_Party/FreeRTOS/cmsis_os2.o
                0x0000000010006020                osThreadNew
 .text.osDelay  0x000000001000616c       0x5c Middlewares/Third_Party/FreeRTOS/cmsis_os2.o
                0x000000001000616c                osDelay
 .text.vApplicationGetIdleTaskMemory
                0x00000000100061c8       0x34 Middlewares/Third_Party/FreeRTOS/cmsis_os2.o
                0x00000000100061c8                vApplicationGetIdleTaskMemory
 .text.vApplicationGetTimerTaskMemory
                0x00000000100061fc       0x34 Middlewares/Third_Party/FreeRTOS/cmsis_os2.o
                0x00000000100061fc                vApplicationGetTimerTaskMemory
 .text.pvPortMalloc
                0x0000000010006230      0x184 Middlewares/Third_Party/FreeRTOS/heap_4.o
                0x0000000010006230                pvPortMalloc
 .text.vPortFree
                0x00000000100063b4       0xb0 Middlewares/Third_Party/FreeRTOS/heap_4.o
                0x00000000100063b4                vPortFree
 .text.prvHeapInit
                0x0000000010006464       0xc4 Middlewares/Third_Party/FreeRTOS/heap_4.o
 .text.prvInsertBlockIntoFreeList
                0x0000000010006528       0xb4 Middlewares/Third_Party/FreeRTOS/heap_4.o
 .text.vListInitialise
                0x00000000100065dc       0x40 Middlewares/Third_Party/FreeRTOS/list.o
                0x00000000100065dc                vListInitialise
 .text.vListInitialiseItem
                0x000000001000661c       0x1a Middlewares/Third_Party/FreeRTOS/list.o
                0x000000001000661c                vListInitialiseItem
 .text.vListInsertEnd
                0x0000000010006636       0x48 Middlewares/Third_Party/FreeRTOS/list.o
                0x0000000010006636                vListInsertEnd
 .text.vListInsert
                0x000000001000667e       0x72 Middlewares/Third_Party/FreeRTOS/list.o
                0x000000001000667e                vListInsert
 .text.uxListRemove
                0x00000000100066f0       0x54 Middlewares/Third_Party/FreeRTOS/list.o
                0x00000000100066f0                uxListRemove
 .text.pxPortInitialiseStack
                0x0000000010006744       0x68 Middlewares/Third_Party/FreeRTOS/port.o
                0x0000000010006744                pxPortInitialiseStack
 .text.prvTaskExitError
                0x00000000100067ac       0x54 Middlewares/Third_Party/FreeRTOS/port.o
 .text.SVC_Handler
                0x0000000010006800       0x28 Middlewares/Third_Party/FreeRTOS/port.o
                0x0000000010006800                SVC_Handler
 .text.prvPortStartFirstTask
                0x0000000010006828       0x28 Middlewares/Third_Party/FreeRTOS/port.o
 .text.xPortStartScheduler
                0x0000000010006850      0x13c Middlewares/Third_Party/FreeRTOS/port.o
                0x0000000010006850                xPortStartScheduler
 .text.vPortEnterCritical
                0x000000001000698c       0x5c Middlewares/Third_Party/FreeRTOS/port.o
                0x000000001000698c                vPortEnterCritical
 .text.vPortExitCritical
                0x00000000100069e8       0x50 Middlewares/Third_Party/FreeRTOS/port.o
                0x00000000100069e8                vPortExitCritical
 *fill*         0x0000000010006a38        0x8 
 .text.PendSV_Handler
                0x0000000010006a40       0x68 Middlewares/Third_Party/FreeRTOS/port.o
                0x0000000010006a40                PendSV_Handler
 .text.xPortSysTickHandler
                0x0000000010006aa8       0x40 Middlewares/Third_Party/FreeRTOS/port.o
                0x0000000010006aa8                xPortSysTickHandler
 .text.vPortSetupTimerInterrupt
                0x0000000010006ae8       0x48 Middlewares/Third_Party/FreeRTOS/port.o
                0x0000000010006ae8                vPortSetupTimerInterrupt
 .text.vPortEnableVFP
                0x0000000010006b30       0x14 Middlewares/Third_Party/FreeRTOS/port.o
 .text.vPortValidateInterruptPriority
                0x0000000010006b44       0x7c Middlewares/Third_Party/FreeRTOS/port.o
                0x0000000010006b44                vPortValidateInterruptPriority
 .text.xQueueGenericReset
                0x0000000010006bc0       0xd0 Middlewares/Third_Party/FreeRTOS/queue.o
                0x0000000010006bc0                xQueueGenericReset
 .text.xQueueGenericCreateStatic
                0x0000000010006c90       0xe6 Middlewares/Third_Party/FreeRTOS/queue.o
                0x0000000010006c90                xQueueGenericCreateStatic
 .text.prvInitialiseNewQueue
                0x0000000010006d76       0x46 Middlewares/Third_Party/FreeRTOS/queue.o
 .text.xQueueGenericSend
                0x0000000010006dbc      0x1f4 Middlewares/Third_Party/FreeRTOS/queue.o
                0x0000000010006dbc                xQueueGenericSend
 .text.xQueueGenericSendFromISR
                0x0000000010006fb0      0x128 Middlewares/Third_Party/FreeRTOS/queue.o
                0x0000000010006fb0                xQueueGenericSendFromISR
 .text.xQueueReceive
                0x00000000100070d8      0x1b8 Middlewares/Third_Party/FreeRTOS/queue.o
                0x00000000100070d8                xQueueReceive
 .text.prvCopyDataToQueue
                0x0000000010007290       0xd4 Middlewares/Third_Party/FreeRTOS/queue.o
 .text.prvCopyDataFromQueue
                0x0000000010007364       0x4c Middlewares/Third_Party/FreeRTOS/queue.o
 .text.prvUnlockQueue
                0x00000000100073b0       0xa4 Middlewares/Third_Party/FreeRTOS/queue.o
 .text.prvIsQueueEmpty
                0x0000000010007454       0x2c Middlewares/Third_Party/FreeRTOS/queue.o
 .text.prvIsQueueFull
                0x0000000010007480       0x30 Middlewares/Third_Party/FreeRTOS/queue.o
 .text.vQueueAddToRegistry
                0x00000000100074b0       0x50 Middlewares/Third_Party/FreeRTOS/queue.o
                0x00000000100074b0                vQueueAddToRegistry
 .text.vQueueWaitForMessageRestricted
                0x0000000010007500       0x68 Middlewares/Third_Party/FreeRTOS/queue.o
                0x0000000010007500                vQueueWaitForMessageRestricted
 .text.xTaskCreateStatic
                0x0000000010007568       0xb4 Middlewares/Third_Party/FreeRTOS/tasks.o
                0x0000000010007568                xTaskCreateStatic
 .text.xTaskCreate
                0x000000001000761c       0x8a Middlewares/Third_Party/FreeRTOS/tasks.o
                0x000000001000761c                xTaskCreate
 .text.prvInitialiseNewTask
                0x00000000100076a6      0x11c Middlewares/Third_Party/FreeRTOS/tasks.o
 *fill*         0x00000000100077c2        0x2 
 .text.prvAddNewTaskToReadyList
                0x00000000100077c4       0xe0 Middlewares/Third_Party/FreeRTOS/tasks.o
 .text.vTaskDelay
                0x00000000100078a4       0x68 Middlewares/Third_Party/FreeRTOS/tasks.o
                0x00000000100078a4                vTaskDelay
 .text.vTaskStartScheduler
                0x000000001000790c       0xc8 Middlewares/Third_Party/FreeRTOS/tasks.o
                0x000000001000790c                vTaskStartScheduler
 .text.vTaskSuspendAll
                0x00000000100079d4       0x1c Middlewares/Third_Party/FreeRTOS/tasks.o
                0x00000000100079d4                vTaskSuspendAll
 .text.xTaskResumeAll
                0x00000000100079f0      0x138 Middlewares/Third_Party/FreeRTOS/tasks.o
                0x00000000100079f0                xTaskResumeAll
 .text.xTaskGetTickCount
                0x0000000010007b28       0x20 Middlewares/Third_Party/FreeRTOS/tasks.o
                0x0000000010007b28                xTaskGetTickCount
 .text.xTaskIncrementTick
                0x0000000010007b48      0x170 Middlewares/Third_Party/FreeRTOS/tasks.o
                0x0000000010007b48                xTaskIncrementTick
 .text.vTaskSwitchContext
                0x0000000010007cb8       0xb8 Middlewares/Third_Party/FreeRTOS/tasks.o
                0x0000000010007cb8                vTaskSwitchContext
 .text.vTaskPlaceOnEventList
                0x0000000010007d70       0x48 Middlewares/Third_Party/FreeRTOS/tasks.o
                0x0000000010007d70                vTaskPlaceOnEventList
 .text.vTaskPlaceOnEventListRestricted
                0x0000000010007db8       0x54 Middlewares/Third_Party/FreeRTOS/tasks.o
                0x0000000010007db8                vTaskPlaceOnEventListRestricted
 .text.xTaskRemoveFromEventList
                0x0000000010007e0c       0xc4 Middlewares/Third_Party/FreeRTOS/tasks.o
                0x0000000010007e0c                xTaskRemoveFromEventList
 .text.vTaskInternalSetTimeOutState
                0x0000000010007ed0       0x2c Middlewares/Third_Party/FreeRTOS/tasks.o
                0x0000000010007ed0                vTaskInternalSetTimeOutState
 .text.xTaskCheckForTimeOut
                0x0000000010007efc       0xc0 Middlewares/Third_Party/FreeRTOS/tasks.o
                0x0000000010007efc                xTaskCheckForTimeOut
 .text.vTaskMissedYield
                0x0000000010007fbc       0x18 Middlewares/Third_Party/FreeRTOS/tasks.o
                0x0000000010007fbc                vTaskMissedYield
 .text.prvIdleTask
                0x0000000010007fd4       0x30 Middlewares/Third_Party/FreeRTOS/tasks.o
 .text.prvInitialiseTaskLists
                0x0000000010008004       0x80 Middlewares/Third_Party/FreeRTOS/tasks.o
 .text.prvCheckTasksWaitingTermination
                0x0000000010008084       0x58 Middlewares/Third_Party/FreeRTOS/tasks.o
 .text.prvDeleteTCB
                0x00000000100080dc       0x5c Middlewares/Third_Party/FreeRTOS/tasks.o
 .text.prvResetNextTaskUnblockTime
                0x0000000010008138       0x40 Middlewares/Third_Party/FreeRTOS/tasks.o
 .text.xTaskGetSchedulerState
                0x0000000010008178       0x3c Middlewares/Third_Party/FreeRTOS/tasks.o
                0x0000000010008178                xTaskGetSchedulerState
 .text.xTaskPriorityDisinherit
                0x00000000100081b4       0xd8 Middlewares/Third_Party/FreeRTOS/tasks.o
                0x00000000100081b4                xTaskPriorityDisinherit
 .text.prvAddCurrentTaskToDelayedList
                0x000000001000828c       0xa8 Middlewares/Third_Party/FreeRTOS/tasks.o
 .text.xTimerCreateTimerTask
                0x0000000010008334       0x90 Middlewares/Third_Party/FreeRTOS/timers.o
                0x0000000010008334                xTimerCreateTimerTask
 .text.xTimerGenericCommand
                0x00000000100083c4       0x98 Middlewares/Third_Party/FreeRTOS/timers.o
                0x00000000100083c4                xTimerGenericCommand
 .text.prvProcessExpiredTimer
                0x000000001000845c       0x98 Middlewares/Third_Party/FreeRTOS/timers.o
 .text.prvTimerTask
                0x00000000100084f4       0x24 Middlewares/Third_Party/FreeRTOS/timers.o
 .text.prvProcessTimerOrBlockTask
                0x0000000010008518       0x9c Middlewares/Third_Party/FreeRTOS/timers.o
 .text.prvGetNextExpireTime
                0x00000000100085b4       0x48 Middlewares/Third_Party/FreeRTOS/timers.o
 .text.prvSampleTimeNow
                0x00000000100085fc       0x40 Middlewares/Third_Party/FreeRTOS/timers.o
 .text.prvInsertTimerInActiveList
                0x000000001000863c       0x84 Middlewares/Third_Party/FreeRTOS/timers.o
 .text.prvProcessReceivedCommands
                0x00000000100086c0      0x1b8 Middlewares/Third_Party/FreeRTOS/timers.o
 .text.prvSwitchTimerLists
                0x0000000010008878       0xc8 Middlewares/Third_Party/FreeRTOS/timers.o
 .text.prvCheckForValidListAndQueue
                0x0000000010008940       0x80 Middlewares/Third_Party/FreeRTOS/timers.o
 .text.__errno  0x00000000100089c0        0xc d:/work/stm32cubeide_1.4.0/stm32cubeide/plugins/com.st.stm32cube.ide.mcu.externaltools.gnu-tools-for-stm32.7-2018-q2-update.win32_1.4.0.202007081208/tools/bin/../lib/gcc/arm-none-eabi/7.3.1/../../../../arm-none-eabi/lib/thumb/v7e-m/fpv4-sp/hard\libc_nano.a(lib_a-errno.o)
                0x00000000100089c0                __errno
 .text.__libc_init_array
                0x00000000100089cc       0x48 d:/work/stm32cubeide_1.4.0/stm32cubeide/plugins/com.st.stm32cube.ide.mcu.externaltools.gnu-tools-for-stm32.7-2018-q2-update.win32_1.4.0.202007081208/tools/bin/../lib/gcc/arm-none-eabi/7.3.1/../../../../arm-none-eabi/lib/thumb/v7e-m/fpv4-sp/hard\libc_nano.a(lib_a-init.o)
                0x00000000100089cc                __libc_init_array
 .text.memcpy   0x0000000010008a14       0x16 d:/work/stm32cubeide_1.4.0/stm32cubeide/plugins/com.st.stm32cube.ide.mcu.externaltools.gnu-tools-for-stm32.7-2018-q2-update.win32_1.4.0.202007081208/tools/bin/../lib/gcc/arm-none-eabi/7.3.1/../../../../arm-none-eabi/lib/thumb/v7e-m/fpv4-sp/hard\libc_nano.a(lib_a-memcpy-stub.o)
                0x0000000010008a14                memcpy
 .text.memset   0x0000000010008a2a       0x10 d:/work/stm32cubeide_1.4.0/stm32cubeide/plugins/com.st.stm32cube.ide.mcu.externaltools.gnu-tools-for-stm32.7-2018-q2-update.win32_1.4.0.202007081208/tools/bin/../lib/gcc/arm-none-eabi/7.3.1/../../../../arm-none-eabi/lib/thumb/v7e-m/fpv4-sp/hard\libc_nano.a(lib_a-memset.o)
                0x0000000010008a2a                memset
 *fill*         0x0000000010008a3a        0x2 
 .text._puts_r  0x0000000010008a3c       0xb8 d:/work/stm32cubeide_1.4.0/stm32cubeide/plugins/com.st.stm32cube.ide.mcu.externaltools.gnu-tools-for-stm32.7-2018-q2-update.win32_1.4.0.202007081208/tools/bin/../lib/gcc/arm-none-eabi/7.3.1/../../../../arm-none-eabi/lib/thumb/v7e-m/fpv4-sp/hard\libc_nano.a(lib_a-puts.o)
                0x0000000010008a3c                _puts_r
 .text.puts     0x0000000010008af4       0x10 d:/work/stm32cubeide_1.4.0/stm32cubeide/plugins/com.st.stm32cube.ide.mcu.externaltools.gnu-tools-for-stm32.7-2018-q2-update.win32_1.4.0.202007081208/tools/bin/../lib/gcc/arm-none-eabi/7.3.1/../../../../arm-none-eabi/lib/thumb/v7e-m/fpv4-sp/hard\libc_nano.a(lib_a-puts.o)
                0x0000000010008af4                puts
 .text.__swbuf_r
                0x0000000010008b04       0xa4 d:/work/stm32cubeide_1.4.0/stm32cubeide/plugins/com.st.stm32cube.ide.mcu.externaltools.gnu-tools-for-stm32.7-2018-q2-update.win32_1.4.0.202007081208/tools/bin/../lib/gcc/arm-none-eabi/7.3.1/../../../../arm-none-eabi/lib/thumb/v7e-m/fpv4-sp/hard\libc_nano.a(lib_a-wbuf.o)
                0x0000000010008b04                __swbuf_r
 .text.__swsetup_r
                0x0000000010008ba8       0xdc d:/work/stm32cubeide_1.4.0/stm32cubeide/plugins/com.st.stm32cube.ide.mcu.externaltools.gnu-tools-for-stm32.7-2018-q2-update.win32_1.4.0.202007081208/tools/bin/../lib/gcc/arm-none-eabi/7.3.1/../../../../arm-none-eabi/lib/thumb/v7e-m/fpv4-sp/hard\libc_nano.a(lib_a-wsetup.o)
                0x0000000010008ba8                __swsetup_r
 .text.__sflush_r
                0x0000000010008c84      0x10c d:/work/stm32cubeide_1.4.0/stm32cubeide/plugins/com.st.stm32cube.ide.mcu.externaltools.gnu-tools-for-stm32.7-2018-q2-update.win32_1.4.0.202007081208/tools/bin/../lib/gcc/arm-none-eabi/7.3.1/../../../../arm-none-eabi/lib/thumb/v7e-m/fpv4-sp/hard\libc_nano.a(lib_a-fflush.o)
                0x0000000010008c84                __sflush_r
 .text._fflush_r
                0x0000000010008d90       0x54 d:/work/stm32cubeide_1.4.0/stm32cubeide/plugins/com.st.stm32cube.ide.mcu.externaltools.gnu-tools-for-stm32.7-2018-q2-update.win32_1.4.0.202007081208/tools/bin/../lib/gcc/arm-none-eabi/7.3.1/../../../../arm-none-eabi/lib/thumb/v7e-m/fpv4-sp/hard\libc_nano.a(lib_a-fflush.o)
                0x0000000010008d90                _fflush_r
 .text.std      0x0000000010008de4       0x48 d:/work/stm32cubeide_1.4.0/stm32cubeide/plugins/com.st.stm32cube.ide.mcu.externaltools.gnu-tools-for-stm32.7-2018-q2-update.win32_1.4.0.202007081208/tools/bin/../lib/gcc/arm-none-eabi/7.3.1/../../../../arm-none-eabi/lib/thumb/v7e-m/fpv4-sp/hard\libc_nano.a(lib_a-findfp.o)
 .text._cleanup_r
                0x0000000010008e2c        0xc d:/work/stm32cubeide_1.4.0/stm32cubeide/plugins/com.st.stm32cube.ide.mcu.externaltools.gnu-tools-for-stm32.7-2018-q2-update.win32_1.4.0.202007081208/tools/bin/../lib/gcc/arm-none-eabi/7.3.1/../../../../arm-none-eabi/lib/thumb/v7e-m/fpv4-sp/hard\libc_nano.a(lib_a-findfp.o)
                0x0000000010008e2c                _cleanup_r
 .text.__sfmoreglue
                0x0000000010008e38       0x2c d:/work/stm32cubeide_1.4.0/stm32cubeide/plugins/com.st.stm32cube.ide.mcu.externaltools.gnu-tools-for-stm32.7-2018-q2-update.win32_1.4.0.202007081208/tools/bin/../lib/gcc/arm-none-eabi/7.3.1/../../../../arm-none-eabi/lib/thumb/v7e-m/fpv4-sp/hard\libc_nano.a(lib_a-findfp.o)
                0x0000000010008e38                __sfmoreglue
 .text.__sinit  0x0000000010008e64       0x60 d:/work/stm32cubeide_1.4.0/stm32cubeide/plugins/com.st.stm32cube.ide.mcu.externaltools.gnu-tools-for-stm32.7-2018-q2-update.win32_1.4.0.202007081208/tools/bin/../lib/gcc/arm-none-eabi/7.3.1/../../../../arm-none-eabi/lib/thumb/v7e-m/fpv4-sp/hard\libc_nano.a(lib_a-findfp.o)
                0x0000000010008e64                __sinit
 .text.__sfp    0x0000000010008ec4       0x78 d:/work/stm32cubeide_1.4.0/stm32cubeide/plugins/com.st.stm32cube.ide.mcu.externaltools.gnu-tools-for-stm32.7-2018-q2-update.win32_1.4.0.202007081208/tools/bin/../lib/gcc/arm-none-eabi/7.3.1/../../../../arm-none-eabi/lib/thumb/v7e-m/fpv4-sp/hard\libc_nano.a(lib_a-findfp.o)
                0x0000000010008ec4                __sfp
 .text._fwalk_reent
                0x0000000010008f3c       0x3c d:/work/stm32cubeide_1.4.0/stm32cubeide/plugins/com.st.stm32cube.ide.mcu.externaltools.gnu-tools-for-stm32.7-2018-q2-update.win32_1.4.0.202007081208/tools/bin/../lib/gcc/arm-none-eabi/7.3.1/../../../../arm-none-eabi/lib/thumb/v7e-m/fpv4-sp/hard\libc_nano.a(lib_a-fwalk.o)
                0x0000000010008f3c                _fwalk_reent
 .text.__swhatbuf_r
                0x0000000010008f78       0x48 d:/work/stm32cubeide_1.4.0/stm32cubeide/plugins/com.st.stm32cube.ide.mcu.externaltools.gnu-tools-for-stm32.7-2018-q2-update.win32_1.4.0.202007081208/tools/bin/../lib/gcc/arm-none-eabi/7.3.1/../../../../arm-none-eabi/lib/thumb/v7e-m/fpv4-sp/hard\libc_nano.a(lib_a-makebuf.o)
                0x0000000010008f78                __swhatbuf_r
 .text.__smakebuf_r
                0x0000000010008fc0       0x80 d:/work/stm32cubeide_1.4.0/stm32cubeide/plugins/com.st.stm32cube.ide.mcu.externaltools.gnu-tools-for-stm32.7-2018-q2-update.win32_1.4.0.202007081208/tools/bin/../lib/gcc/arm-none-eabi/7.3.1/../../../../arm-none-eabi/lib/thumb/v7e-m/fpv4-sp/hard\libc_nano.a(lib_a-makebuf.o)
                0x0000000010008fc0                __smakebuf_r
 .text._free_r  0x0000000010009040       0x9c d:/work/stm32cubeide_1.4.0/stm32cubeide/plugins/com.st.stm32cube.ide.mcu.externaltools.gnu-tools-for-stm32.7-2018-q2-update.win32_1.4.0.202007081208/tools/bin/../lib/gcc/arm-none-eabi/7.3.1/../../../../arm-none-eabi/lib/thumb/v7e-m/fpv4-sp/hard\libc_nano.a(lib_a-nano-freer.o)
                0x0000000010009040                _free_r
 .text._malloc_r
                0x00000000100090dc       0xb4 d:/work/stm32cubeide_1.4.0/stm32cubeide/plugins/com.st.stm32cube.ide.mcu.externaltools.gnu-tools-for-stm32.7-2018-q2-update.win32_1.4.0.202007081208/tools/bin/../lib/gcc/arm-none-eabi/7.3.1/../../../../arm-none-eabi/lib/thumb/v7e-m/fpv4-sp/hard\libc_nano.a(lib_a-nano-mallocr.o)
                0x00000000100090dc                _malloc_r
 .text._sbrk_r  0x0000000010009190       0x20 d:/work/stm32cubeide_1.4.0/stm32cubeide/plugins/com.st.stm32cube.ide.mcu.externaltools.gnu-tools-for-stm32.7-2018-q2-update.win32_1.4.0.202007081208/tools/bin/../lib/gcc/arm-none-eabi/7.3.1/../../../../arm-none-eabi/lib/thumb/v7e-m/fpv4-sp/hard\libc_nano.a(lib_a-sbrkr.o)
                0x0000000010009190                _sbrk_r
 .text.__sread  0x00000000100091b0       0x22 d:/work/stm32cubeide_1.4.0/stm32cubeide/plugins/com.st.stm32cube.ide.mcu.externaltools.gnu-tools-for-stm32.7-2018-q2-update.win32_1.4.0.202007081208/tools/bin/../lib/gcc/arm-none-eabi/7.3.1/../../../../arm-none-eabi/lib/thumb/v7e-m/fpv4-sp/hard\libc_nano.a(lib_a-stdio.o)
                0x00000000100091b0                __sread
 .text.__swrite
                0x00000000100091d2       0x38 d:/work/stm32cubeide_1.4.0/stm32cubeide/plugins/com.st.stm32cube.ide.mcu.externaltools.gnu-tools-for-stm32.7-2018-q2-update.win32_1.4.0.202007081208/tools/bin/../lib/gcc/arm-none-eabi/7.3.1/../../../../arm-none-eabi/lib/thumb/v7e-m/fpv4-sp/hard\libc_nano.a(lib_a-stdio.o)
                0x00000000100091d2                __swrite
 .text.__sseek  0x000000001000920a       0x24 d:/work/stm32cubeide_1.4.0/stm32cubeide/plugins/com.st.stm32cube.ide.mcu.externaltools.gnu-tools-for-stm32.7-2018-q2-update.win32_1.4.0.202007081208/tools/bin/../lib/gcc/arm-none-eabi/7.3.1/../../../../arm-none-eabi/lib/thumb/v7e-m/fpv4-sp/hard\libc_nano.a(lib_a-stdio.o)
                0x000000001000920a                __sseek
 .text.__sclose
                0x000000001000922e        0x8 d:/work/stm32cubeide_1.4.0/stm32cubeide/plugins/com.st.stm32cube.ide.mcu.externaltools.gnu-tools-for-stm32.7-2018-q2-update.win32_1.4.0.202007081208/tools/bin/../lib/gcc/arm-none-eabi/7.3.1/../../../../arm-none-eabi/lib/thumb/v7e-m/fpv4-sp/hard\libc_nano.a(lib_a-stdio.o)
                0x000000001000922e                __sclose
 *fill*         0x0000000010009236        0x2 
 .text._write_r
                0x0000000010009238       0x24 d:/work/stm32cubeide_1.4.0/stm32cubeide/plugins/com.st.stm32cube.ide.mcu.externaltools.gnu-tools-for-stm32.7-2018-q2-update.win32_1.4.0.202007081208/tools/bin/../lib/gcc/arm-none-eabi/7.3.1/../../../../arm-none-eabi/lib/thumb/v7e-m/fpv4-sp/hard\libc_nano.a(lib_a-writer.o)
                0x0000000010009238                _write_r
 .text._close_r
                0x000000001000925c       0x20 d:/work/stm32cubeide_1.4.0/stm32cubeide/plugins/com.st.stm32cube.ide.mcu.externaltools.gnu-tools-for-stm32.7-2018-q2-update.win32_1.4.0.202007081208/tools/bin/../lib/gcc/arm-none-eabi/7.3.1/../../../../arm-none-eabi/lib/thumb/v7e-m/fpv4-sp/hard\libc_nano.a(lib_a-closer.o)
                0x000000001000925c                _close_r
 .text._fstat_r
                0x000000001000927c       0x24 d:/work/stm32cubeide_1.4.0/stm32cubeide/plugins/com.st.stm32cube.ide.mcu.externaltools.gnu-tools-for-stm32.7-2018-q2-update.win32_1.4.0.202007081208/tools/bin/../lib/gcc/arm-none-eabi/7.3.1/../../../../arm-none-eabi/lib/thumb/v7e-m/fpv4-sp/hard\libc_nano.a(lib_a-fstatr.o)
                0x000000001000927c                _fstat_r
 .text._isatty_r
                0x00000000100092a0       0x20 d:/work/stm32cubeide_1.4.0/stm32cubeide/plugins/com.st.stm32cube.ide.mcu.externaltools.gnu-tools-for-stm32.7-2018-q2-update.win32_1.4.0.202007081208/tools/bin/../lib/gcc/arm-none-eabi/7.3.1/../../../../arm-none-eabi/lib/thumb/v7e-m/fpv4-sp/hard\libc_nano.a(lib_a-isattyr.o)
                0x00000000100092a0                _isatty_r
 .text._lseek_r
                0x00000000100092c0       0x24 d:/work/stm32cubeide_1.4.0/stm32cubeide/plugins/com.st.stm32cube.ide.mcu.externaltools.gnu-tools-for-stm32.7-2018-q2-update.win32_1.4.0.202007081208/tools/bin/../lib/gcc/arm-none-eabi/7.3.1/../../../../arm-none-eabi/lib/thumb/v7e-m/fpv4-sp/hard\libc_nano.a(lib_a-lseekr.o)
                0x00000000100092c0                _lseek_r
 .text.__malloc_lock
                0x00000000100092e4        0x2 d:/work/stm32cubeide_1.4.0/stm32cubeide/plugins/com.st.stm32cube.ide.mcu.externaltools.gnu-tools-for-stm32.7-2018-q2-update.win32_1.4.0.202007081208/tools/bin/../lib/gcc/arm-none-eabi/7.3.1/../../../../arm-none-eabi/lib/thumb/v7e-m/fpv4-sp/hard\libc_nano.a(lib_a-mlock.o)
                0x00000000100092e4                __malloc_lock
 .text.__malloc_unlock
                0x00000000100092e6        0x2 d:/work/stm32cubeide_1.4.0/stm32cubeide/plugins/com.st.stm32cube.ide.mcu.externaltools.gnu-tools-for-stm32.7-2018-q2-update.win32_1.4.0.202007081208/tools/bin/../lib/gcc/arm-none-eabi/7.3.1/../../../../arm-none-eabi/lib/thumb/v7e-m/fpv4-sp/hard\libc_nano.a(lib_a-mlock.o)
                0x00000000100092e6                __malloc_unlock
 .text._read_r  0x00000000100092e8       0x24 d:/work/stm32cubeide_1.4.0/stm32cubeide/plugins/com.st.stm32cube.ide.mcu.externaltools.gnu-tools-for-stm32.7-2018-q2-update.win32_1.4.0.202007081208/tools/bin/../lib/gcc/arm-none-eabi/7.3.1/../../../../arm-none-eabi/lib/thumb/v7e-m/fpv4-sp/hard\libc_nano.a(lib_a-readr.o)
                0x00000000100092e8                _read_r
 *(.glue_7)
 .glue_7        0x000000001000930c        0x0 linker stubs
 *(.glue_7t)
 .glue_7t       0x000000001000930c        0x0 linker stubs
 *(.eh_frame)
 .eh_frame      0x000000001000930c        0x0 d:/work/stm32cubeide_1.4.0/stm32cubeide/plugins/com.st.stm32cube.ide.mcu.externaltools.gnu-tools-for-stm32.7-2018-q2-update.win32_1.4.0.202007081208/tools/bin/../lib/gcc/arm-none-eabi/7.3.1/thumb/v7e-m/fpv4-sp/hard/crtbegin.o
 *(.init)
 .init          0x000000001000930c        0x4 d:/work/stm32cubeide_1.4.0/stm32cubeide/plugins/com.st.stm32cube.ide.mcu.externaltools.gnu-tools-for-stm32.7-2018-q2-update.win32_1.4.0.202007081208/tools/bin/../lib/gcc/arm-none-eabi/7.3.1/thumb/v7e-m/fpv4-sp/hard/crti.o
                0x000000001000930c                _init
 .init          0x0000000010009310        0x8 d:/work/stm32cubeide_1.4.0/stm32cubeide/plugins/com.st.stm32cube.ide.mcu.externaltools.gnu-tools-for-stm32.7-2018-q2-update.win32_1.4.0.202007081208/tools/bin/../lib/gcc/arm-none-eabi/7.3.1/thumb/v7e-m/fpv4-sp/hard/crtn.o
 *(.fini)
 .fini          0x0000000010009318        0x4 d:/work/stm32cubeide_1.4.0/stm32cubeide/plugins/com.st.stm32cube.ide.mcu.externaltools.gnu-tools-for-stm32.7-2018-q2-update.win32_1.4.0.202007081208/tools/bin/../lib/gcc/arm-none-eabi/7.3.1/thumb/v7e-m/fpv4-sp/hard/crti.o
                0x0000000010009318                _fini
 .fini          0x000000001000931c        0x8 d:/work/stm32cubeide_1.4.0/stm32cubeide/plugins/com.st.stm32cube.ide.mcu.externaltools.gnu-tools-for-stm32.7-2018-q2-update.win32_1.4.0.202007081208/tools/bin/../lib/gcc/arm-none-eabi/7.3.1/thumb/v7e-m/fpv4-sp/hard/crtn.o
                0x0000000010009324                . = ALIGN (0x4)
                0x0000000010009324                _etext = .

.vfp11_veneer   0x0000000010009324        0x0
 .vfp11_veneer  0x0000000010009324        0x0 linker stubs

.v4_bx          0x0000000010009324        0x0
 .v4_bx         0x0000000010009324        0x0 linker stubs

.iplt           0x0000000010009324        0x0
 .iplt          0x0000000010009324        0x0 d:/work/stm32cubeide_1.4.0/stm32cubeide/plugins/com.st.stm32cube.ide.mcu.externaltools.gnu-tools-for-stm32.7-2018-q2-update.win32_1.4.0.202007081208/tools/bin/../lib/gcc/arm-none-eabi/7.3.1/thumb/v7e-m/fpv4-sp/hard/crtbegin.o

.startup_copro_fw.Reset_Handler
                0x0000000010009324       0x50
 .startup_copro_fw.Reset_Handler
                0x0000000010009324       0x50 Core/Startup/startup_stm32mp157daax.o
                0x0000000010009324                Reset_Handler

.rodata         0x0000000010009374      0x104
                0x0000000010009374                . = ALIGN (0x4)
 *(.rodata)
 .rodata        0x0000000010009374       0x2e Core/Src/main.o
 *fill*         0x00000000100093a2        0x2 
 .rodata        0x00000000100093a4       0x10 Drivers/STM32MP1xx_HAL_Driver/stm32mp1xx_hal_uart_ex.o
 .rodata        0x00000000100093b4        0x5 Middlewares/Third_Party/FreeRTOS/tasks.o
 *fill*         0x00000000100093b9        0x3 
 .rodata        0x00000000100093bc        0xd Middlewares/Third_Party/FreeRTOS/timers.o
 *(.rodata*)
 *fill*         0x00000000100093c9        0x3 
 .rodata.defaultTask_attributes
                0x00000000100093cc       0x24 Core/Src/main.o
                0x00000000100093cc                defaultTask_attributes
 .rodata.myTask02_attributes
                0x00000000100093f0       0x24 Core/Src/main.o
                0x00000000100093f0                myTask02_attributes
 .rodata._global_impure_ptr
                0x0000000010009414        0x4 d:/work/stm32cubeide_1.4.0/stm32cubeide/plugins/com.st.stm32cube.ide.mcu.externaltools.gnu-tools-for-stm32.7-2018-q2-update.win32_1.4.0.202007081208/tools/bin/../lib/gcc/arm-none-eabi/7.3.1/../../../../arm-none-eabi/lib/thumb/v7e-m/fpv4-sp/hard\libc_nano.a(lib_a-impure.o)
                0x0000000010009414                _global_impure_ptr
 .rodata.__sf_fake_stderr
                0x0000000010009418       0x20 d:/work/stm32cubeide_1.4.0/stm32cubeide/plugins/com.st.stm32cube.ide.mcu.externaltools.gnu-tools-for-stm32.7-2018-q2-update.win32_1.4.0.202007081208/tools/bin/../lib/gcc/arm-none-eabi/7.3.1/../../../../arm-none-eabi/lib/thumb/v7e-m/fpv4-sp/hard\libc_nano.a(lib_a-findfp.o)
                0x0000000010009418                __sf_fake_stderr
 .rodata.__sf_fake_stdin
                0x0000000010009438       0x20 d:/work/stm32cubeide_1.4.0/stm32cubeide/plugins/com.st.stm32cube.ide.mcu.externaltools.gnu-tools-for-stm32.7-2018-q2-update.win32_1.4.0.202007081208/tools/bin/../lib/gcc/arm-none-eabi/7.3.1/../../../../arm-none-eabi/lib/thumb/v7e-m/fpv4-sp/hard\libc_nano.a(lib_a-findfp.o)
                0x0000000010009438                __sf_fake_stdin
 .rodata.__sf_fake_stdout
                0x0000000010009458       0x20 d:/work/stm32cubeide_1.4.0/stm32cubeide/plugins/com.st.stm32cube.ide.mcu.externaltools.gnu-tools-for-stm32.7-2018-q2-update.win32_1.4.0.202007081208/tools/bin/../lib/gcc/arm-none-eabi/7.3.1/../../../../arm-none-eabi/lib/thumb/v7e-m/fpv4-sp/hard\libc_nano.a(lib_a-findfp.o)
                0x0000000010009458                __sf_fake_stdout
                0x0000000010009478                . = ALIGN (0x4)

.rel.dyn        0x0000000010009478        0x0
 .rel.iplt      0x0000000010009478        0x0 d:/work/stm32cubeide_1.4.0/stm32cubeide/plugins/com.st.stm32cube.ide.mcu.externaltools.gnu-tools-for-stm32.7-2018-q2-update.win32_1.4.0.202007081208/tools/bin/../lib/gcc/arm-none-eabi/7.3.1/thumb/v7e-m/fpv4-sp/hard/crtbegin.o

.ARM.extab      0x0000000010009478        0x0
                0x0000000010009478                . = ALIGN (0x4)
 *(.ARM.extab* .gnu.linkonce.armextab.*)
                0x0000000010009478                . = ALIGN (0x4)

.ARM            0x0000000010009478        0x0
                0x0000000010009478                . = ALIGN (0x4)
                0x0000000010009478                __exidx_start = .
 *(.ARM.exidx*)
                0x0000000010009478                __exidx_end = .
                0x0000000010009478                . = ALIGN (0x4)

.preinit_array  0x0000000010009478        0x0
                0x0000000010009478                . = ALIGN (0x4)
                0x0000000010009478                PROVIDE (__preinit_array_start = .)
 *(.preinit_array*)
                0x0000000010009478                PROVIDE (__preinit_array_end = .)
                0x0000000010009478                . = ALIGN (0x4)

.init_array     0x0000000010009478        0x4
                0x0000000010009478                . = ALIGN (0x4)
                0x0000000010009478                PROVIDE (__init_array_start = .)
 *(SORT_BY_NAME(.init_array.*))
 *(.init_array*)
 .init_array    0x0000000010009478        0x4 d:/work/stm32cubeide_1.4.0/stm32cubeide/plugins/com.st.stm32cube.ide.mcu.externaltools.gnu-tools-for-stm32.7-2018-q2-update.win32_1.4.0.202007081208/tools/bin/../lib/gcc/arm-none-eabi/7.3.1/thumb/v7e-m/fpv4-sp/hard/crtbegin.o
                0x000000001000947c                PROVIDE (__init_array_end = .)
                0x000000001000947c                . = ALIGN (0x4)

.fini_array     0x000000001000947c        0x4
                0x000000001000947c                . = ALIGN (0x4)
                [!provide]                        PROVIDE (__fini_array_start = .)
 *(SORT_BY_NAME(.fini_array.*))
 *(.fini_array*)
 .fini_array    0x000000001000947c        0x4 d:/work/stm32cubeide_1.4.0/stm32cubeide/plugins/com.st.stm32cube.ide.mcu.externaltools.gnu-tools-for-stm32.7-2018-q2-update.win32_1.4.0.202007081208/tools/bin/../lib/gcc/arm-none-eabi/7.3.1/thumb/v7e-m/fpv4-sp/hard/crtbegin.o
                [!provide]                        PROVIDE (__fini_array_end = .)
                0x0000000010009480                . = ALIGN (0x4)
                0x0000000010009480                __DATA_ROM = .
                0x0000000010009480                _sidata = LOADADDR (.data)

.data           0x0000000010020000       0x74 load address 0x0000000010009480
                0x0000000010020000                . = ALIGN (0x4)
                0x0000000010020000                _sdata = .
 *(.data)
 *(.data*)
 .data.SystemCoreClock
                0x0000000010020000        0x4 Common/System/system_stm32mp1xx.o
                0x0000000010020000                SystemCoreClock
 .data.uwTickPrio
                0x0000000010020004        0x4 Drivers/STM32MP1xx_HAL_Driver/stm32mp1xx_hal.o
                0x0000000010020004                uwTickPrio
 .data.uwTickFreq
                0x0000000010020008        0x1 Drivers/STM32MP1xx_HAL_Driver/stm32mp1xx_hal.o
                0x0000000010020008                uwTickFreq
 *fill*         0x0000000010020009        0x3 
 .data.uxCriticalNesting
                0x000000001002000c        0x4 Middlewares/Third_Party/FreeRTOS/port.o
 .data._impure_ptr
                0x0000000010020010        0x4 d:/work/stm32cubeide_1.4.0/stm32cubeide/plugins/com.st.stm32cube.ide.mcu.externaltools.gnu-tools-for-stm32.7-2018-q2-update.win32_1.4.0.202007081208/tools/bin/../lib/gcc/arm-none-eabi/7.3.1/../../../../arm-none-eabi/lib/thumb/v7e-m/fpv4-sp/hard\libc_nano.a(lib_a-impure.o)
                0x0000000010020010                _impure_ptr
 .data.impure_data
                0x0000000010020014       0x60 d:/work/stm32cubeide_1.4.0/stm32cubeide/plugins/com.st.stm32cube.ide.mcu.externaltools.gnu-tools-for-stm32.7-2018-q2-update.win32_1.4.0.202007081208/tools/bin/../lib/gcc/arm-none-eabi/7.3.1/../../../../arm-none-eabi/lib/thumb/v7e-m/fpv4-sp/hard\libc_nano.a(lib_a-impure.o)
                0x0000000010020074                . = ALIGN (0x4)
                0x0000000010020074                _edata = .
                0x00000000100094f4                __DATA_END = (__DATA_ROM + (_edata - _sdata))
                0x0000000010020000                text_end = (ORIGIN (m_text) + LENGTH (m_text))
                0x0000000000000001                ASSERT ((__DATA_END <= text_end), region m_text overflowed with text and data)

.igot.plt       0x0000000010020074        0x0 load address 0x00000000100094f4
 .igot.plt      0x0000000010020074        0x0 d:/work/stm32cubeide_1.4.0/stm32cubeide/plugins/com.st.stm32cube.ide.mcu.externaltools.gnu-tools-for-stm32.7-2018-q2-update.win32_1.4.0.202007081208/tools/bin/../lib/gcc/arm-none-eabi/7.3.1/thumb/v7e-m/fpv4-sp/hard/crtbegin.o

.resource_table
                0x0000000010020074        0x0
                0x0000000010020074                . = ALIGN (0x4)
 *(.resource_table*)
                0x0000000010020074                . = ALIGN (0x4)
                0x0000000010020074                . = ALIGN (0x4)

.bss            0x0000000010020074     0x1a14 load address 0x00000000100094f4
                0x0000000010020074                _sbss = .
                0x0000000010020074                __bss_start__ = _sbss
 *(.bss)
 .bss           0x0000000010020074       0x1c d:/work/stm32cubeide_1.4.0/stm32cubeide/plugins/com.st.stm32cube.ide.mcu.externaltools.gnu-tools-for-stm32.7-2018-q2-update.win32_1.4.0.202007081208/tools/bin/../lib/gcc/arm-none-eabi/7.3.1/thumb/v7e-m/fpv4-sp/hard/crtbegin.o
 *(.bss*)
 .bss.__sbrk_heap_end
                0x0000000010020090        0x4 Core/Src/sysmem.o
 .bss.KernelState
                0x0000000010020094        0x4 Middlewares/Third_Party/FreeRTOS/cmsis_os2.o
 .bss.Idle_TCB  0x0000000010020098       0x5c Middlewares/Third_Party/FreeRTOS/cmsis_os2.o
 .bss.Idle_Stack
                0x00000000100200f4      0x200 Middlewares/Third_Party/FreeRTOS/cmsis_os2.o
 .bss.Timer_TCB
                0x00000000100202f4       0x5c Middlewares/Third_Party/FreeRTOS/cmsis_os2.o
 .bss.Timer_Stack
                0x0000000010020350      0x400 Middlewares/Third_Party/FreeRTOS/cmsis_os2.o
 .bss.ucHeap    0x0000000010020750      0xc00 Middlewares/Third_Party/FreeRTOS/heap_4.o
 .bss.xStart    0x0000000010021350        0x8 Middlewares/Third_Party/FreeRTOS/heap_4.o
 .bss.pxEnd     0x0000000010021358        0x4 Middlewares/Third_Party/FreeRTOS/heap_4.o
 .bss.xFreeBytesRemaining
                0x000000001002135c        0x4 Middlewares/Third_Party/FreeRTOS/heap_4.o
 .bss.xMinimumEverFreeBytesRemaining
                0x0000000010021360        0x4 Middlewares/Third_Party/FreeRTOS/heap_4.o
 .bss.xBlockAllocatedBit
                0x0000000010021364        0x4 Middlewares/Third_Party/FreeRTOS/heap_4.o
 .bss.ucMaxSysCallPriority
                0x0000000010021368        0x1 Middlewares/Third_Party/FreeRTOS/port.o
 *fill*         0x0000000010021369        0x3 
 .bss.ulMaxPRIGROUPValue
                0x000000001002136c        0x4 Middlewares/Third_Party/FreeRTOS/port.o
 .bss.pxCurrentTCB
                0x0000000010021370        0x4 Middlewares/Third_Party/FreeRTOS/tasks.o
                0x0000000010021370                pxCurrentTCB
 .bss.pxReadyTasksLists
                0x0000000010021374      0x460 Middlewares/Third_Party/FreeRTOS/tasks.o
 .bss.xDelayedTaskList1
                0x00000000100217d4       0x14 Middlewares/Third_Party/FreeRTOS/tasks.o
 .bss.xDelayedTaskList2
                0x00000000100217e8       0x14 Middlewares/Third_Party/FreeRTOS/tasks.o
 .bss.pxDelayedTaskList
                0x00000000100217fc        0x4 Middlewares/Third_Party/FreeRTOS/tasks.o
 .bss.pxOverflowDelayedTaskList
                0x0000000010021800        0x4 Middlewares/Third_Party/FreeRTOS/tasks.o
 .bss.xPendingReadyList
                0x0000000010021804       0x14 Middlewares/Third_Party/FreeRTOS/tasks.o
 .bss.xTasksWaitingTermination
                0x0000000010021818       0x14 Middlewares/Third_Party/FreeRTOS/tasks.o
 .bss.uxDeletedTasksWaitingCleanUp
                0x000000001002182c        0x4 Middlewares/Third_Party/FreeRTOS/tasks.o
 .bss.xSuspendedTaskList
                0x0000000010021830       0x14 Middlewares/Third_Party/FreeRTOS/tasks.o
 .bss.uxCurrentNumberOfTasks
                0x0000000010021844        0x4 Middlewares/Third_Party/FreeRTOS/tasks.o
 .bss.xTickCount
                0x0000000010021848        0x4 Middlewares/Third_Party/FreeRTOS/tasks.o
 .bss.uxTopReadyPriority
                0x000000001002184c        0x4 Middlewares/Third_Party/FreeRTOS/tasks.o
 .bss.xSchedulerRunning
                0x0000000010021850        0x4 Middlewares/Third_Party/FreeRTOS/tasks.o
 .bss.uxPendedTicks
                0x0000000010021854        0x4 Middlewares/Third_Party/FreeRTOS/tasks.o
 .bss.xYieldPending
                0x0000000010021858        0x4 Middlewares/Third_Party/FreeRTOS/tasks.o
 .bss.xNumOfOverflows
                0x000000001002185c        0x4 Middlewares/Third_Party/FreeRTOS/tasks.o
 .bss.uxTaskNumber
                0x0000000010021860        0x4 Middlewares/Third_Party/FreeRTOS/tasks.o
 .bss.xNextTaskUnblockTime
                0x0000000010021864        0x4 Middlewares/Third_Party/FreeRTOS/tasks.o
 .bss.xIdleTaskHandle
                0x0000000010021868        0x4 Middlewares/Third_Party/FreeRTOS/tasks.o
 .bss.uxSchedulerSuspended
                0x000000001002186c        0x4 Middlewares/Third_Party/FreeRTOS/tasks.o
 .bss.xActiveTimerList1
                0x0000000010021870       0x14 Middlewares/Third_Party/FreeRTOS/timers.o
 .bss.xActiveTimerList2
                0x0000000010021884       0x14 Middlewares/Third_Party/FreeRTOS/timers.o
 .bss.pxCurrentTimerList
                0x0000000010021898        0x4 Middlewares/Third_Party/FreeRTOS/timers.o
 .bss.pxOverflowTimerList
                0x000000001002189c        0x4 Middlewares/Third_Party/FreeRTOS/timers.o
 .bss.xTimerQueue
                0x00000000100218a0        0x4 Middlewares/Third_Party/FreeRTOS/timers.o
 .bss.xTimerTaskHandle
                0x00000000100218a4        0x4 Middlewares/Third_Party/FreeRTOS/timers.o
 .bss.xLastTime.6743
                0x00000000100218a8        0x4 Middlewares/Third_Party/FreeRTOS/timers.o
 .bss.ucStaticTimerQueueStorage.6794
                0x00000000100218ac       0xa0 Middlewares/Third_Party/FreeRTOS/timers.o
 .bss.xStaticTimerQueue.6793
                0x000000001002194c       0x50 Middlewares/Third_Party/FreeRTOS/timers.o
 .bss.__malloc_free_list
                0x000000001002199c        0x4 d:/work/stm32cubeide_1.4.0/stm32cubeide/plugins/com.st.stm32cube.ide.mcu.externaltools.gnu-tools-for-stm32.7-2018-q2-update.win32_1.4.0.202007081208/tools/bin/../lib/gcc/arm-none-eabi/7.3.1/../../../../arm-none-eabi/lib/thumb/v7e-m/fpv4-sp/hard\libc_nano.a(lib_a-nano-mallocr.o)
                0x000000001002199c                __malloc_free_list
 .bss.__malloc_sbrk_start
                0x00000000100219a0        0x4 d:/work/stm32cubeide_1.4.0/stm32cubeide/plugins/com.st.stm32cube.ide.mcu.externaltools.gnu-tools-for-stm32.7-2018-q2-update.win32_1.4.0.202007081208/tools/bin/../lib/gcc/arm-none-eabi/7.3.1/../../../../arm-none-eabi/lib/thumb/v7e-m/fpv4-sp/hard\libc_nano.a(lib_a-nano-mallocr.o)
                0x00000000100219a0                __malloc_sbrk_start
 *(COMMON)
 COMMON         0x00000000100219a4       0x9c Core/Src/main.o
                0x00000000100219a4                defaultTaskHandle
                0x00000000100219a8                huart7
                0x0000000010021a3c                myTask02Handle
 COMMON         0x0000000010021a40        0x4 Drivers/STM32MP1xx_HAL_Driver/stm32mp1xx_hal.o
                0x0000000010021a40                uwTick
 COMMON         0x0000000010021a44       0x40 Middlewares/Third_Party/FreeRTOS/queue.o
                0x0000000010021a44                xQueueRegistry
 COMMON         0x0000000010021a84        0x4 d:/work/stm32cubeide_1.4.0/stm32cubeide/plugins/com.st.stm32cube.ide.mcu.externaltools.gnu-tools-for-stm32.7-2018-q2-update.win32_1.4.0.202007081208/tools/bin/../lib/gcc/arm-none-eabi/7.3.1/../../../../arm-none-eabi/lib/thumb/v7e-m/fpv4-sp/hard\libc_nano.a(lib_a-reent.o)
                0x0000000010021a84                errno
                0x0000000010021a88                . = ALIGN (0x4)
                0x0000000010021a88                _ebss = .
                0x0000000010021a88                __bss_end__ = _ebss

._user_heap_stack
                0x0000000010021a88      0x600 load address 0x000000001000af08
                0x0000000010021a88                . = ALIGN (0x8)
                [!provide]                        PROVIDE (end = .)
                0x0000000010021a88                PROVIDE (_end = .)
                0x0000000010021c88                . = (. + _Min_Heap_Size)
 *fill*         0x0000000010021a88      0x200 
                0x0000000010022088                . = (. + _Min_Stack_Size)
 *fill*         0x0000000010021c88      0x400 
                0x0000000010022088                . = ALIGN (0x8)

/DISCARD/
 libc.a(*)
 libm.a(*)
 libgcc.a(*)

.ARM.attributes
                0x0000000000000000       0x30
 *(.ARM.attributes)
 .ARM.attributes
                0x0000000000000000       0x22 d:/work/stm32cubeide_1.4.0/stm32cubeide/plugins/com.st.stm32cube.ide.mcu.externaltools.gnu-tools-for-stm32.7-2018-q2-update.win32_1.4.0.202007081208/tools/bin/../lib/gcc/arm-none-eabi/7.3.1/thumb/v7e-m/fpv4-sp/hard/crti.o
 .ARM.attributes
                0x0000000000000022       0x34 d:/work/stm32cubeide_1.4.0/stm32cubeide/plugins/com.st.stm32cube.ide.mcu.externaltools.gnu-tools-for-stm32.7-2018-q2-update.win32_1.4.0.202007081208/tools/bin/../lib/gcc/arm-none-eabi/7.3.1/thumb/v7e-m/fpv4-sp/hard/crtbegin.o
 .ARM.attributes
                0x0000000000000056       0x39 Common/System/system_stm32mp1xx.o
 .ARM.attributes
                0x000000000000008f       0x39 Core/Src/main.o
 .ARM.attributes
                0x00000000000000c8       0x39 Core/Src/stm32mp1xx_hal_msp.o
 .ARM.attributes
                0x0000000000000101       0x39 Core/Src/stm32mp1xx_it.o
 .ARM.attributes
                0x000000000000013a       0x39 Core/Src/syscalls.o
 .ARM.attributes
                0x0000000000000173       0x39 Core/Src/sysmem.o
 .ARM.attributes
                0x00000000000001ac       0x21 Core/Startup/startup_stm32mp157daax.o
 .ARM.attributes
                0x00000000000001cd       0x39 Drivers/STM32MP1xx_HAL_Driver/stm32mp1xx_hal.o
 .ARM.attributes
                0x0000000000000206       0x39 Drivers/STM32MP1xx_HAL_Driver/stm32mp1xx_hal_cortex.o
 .ARM.attributes
                0x000000000000023f       0x39 Drivers/STM32MP1xx_HAL_Driver/stm32mp1xx_hal_gpio.o
 .ARM.attributes
                0x0000000000000278       0x39 Drivers/STM32MP1xx_HAL_Driver/stm32mp1xx_hal_rcc.o
 .ARM.attributes
                0x00000000000002b1       0x39 Drivers/STM32MP1xx_HAL_Driver/stm32mp1xx_hal_rcc_ex.o
 .ARM.attributes
                0x00000000000002ea       0x39 Drivers/STM32MP1xx_HAL_Driver/stm32mp1xx_hal_uart.o
 .ARM.attributes
                0x0000000000000323       0x39 Drivers/STM32MP1xx_HAL_Driver/stm32mp1xx_hal_uart_ex.o
 .ARM.attributes
                0x000000000000035c       0x39 Middlewares/Third_Party/FreeRTOS/cmsis_os2.o
 .ARM.attributes
                0x0000000000000395       0x39 Middlewares/Third_Party/FreeRTOS/heap_4.o
 .ARM.attributes
                0x00000000000003ce       0x39 Middlewares/Third_Party/FreeRTOS/list.o
 .ARM.attributes
                0x0000000000000407       0x39 Middlewares/Third_Party/FreeRTOS/port.o
 .ARM.attributes
                0x0000000000000440       0x39 Middlewares/Third_Party/FreeRTOS/queue.o
 .ARM.attributes
                0x0000000000000479       0x39 Middlewares/Third_Party/FreeRTOS/tasks.o
 .ARM.attributes
                0x00000000000004b2       0x39 Middlewares/Third_Party/FreeRTOS/timers.o
 .ARM.attributes
                0x00000000000004eb       0x34 d:/work/stm32cubeide_1.4.0/stm32cubeide/plugins/com.st.stm32cube.ide.mcu.externaltools.gnu-tools-for-stm32.7-2018-q2-update.win32_1.4.0.202007081208/tools/bin/../lib/gcc/arm-none-eabi/7.3.1/../../../../arm-none-eabi/lib/thumb/v7e-m/fpv4-sp/hard\libc_nano.a(lib_a-errno.o)
 .ARM.attributes
                0x000000000000051f       0x34 d:/work/stm32cubeide_1.4.0/stm32cubeide/plugins/com.st.stm32cube.ide.mcu.externaltools.gnu-tools-for-stm32.7-2018-q2-update.win32_1.4.0.202007081208/tools/bin/../lib/gcc/arm-none-eabi/7.3.1/../../../../arm-none-eabi/lib/thumb/v7e-m/fpv4-sp/hard\libc_nano.a(lib_a-impure.o)
 .ARM.attributes
                0x0000000000000553       0x34 d:/work/stm32cubeide_1.4.0/stm32cubeide/plugins/com.st.stm32cube.ide.mcu.externaltools.gnu-tools-for-stm32.7-2018-q2-update.win32_1.4.0.202007081208/tools/bin/../lib/gcc/arm-none-eabi/7.3.1/../../../../arm-none-eabi/lib/thumb/v7e-m/fpv4-sp/hard\libc_nano.a(lib_a-init.o)
 .ARM.attributes
                0x0000000000000587       0x34 d:/work/stm32cubeide_1.4.0/stm32cubeide/plugins/com.st.stm32cube.ide.mcu.externaltools.gnu-tools-for-stm32.7-2018-q2-update.win32_1.4.0.202007081208/tools/bin/../lib/gcc/arm-none-eabi/7.3.1/../../../../arm-none-eabi/lib/thumb/v7e-m/fpv4-sp/hard\libc_nano.a(lib_a-memcpy-stub.o)
 .ARM.attributes
                0x00000000000005bb       0x34 d:/work/stm32cubeide_1.4.0/stm32cubeide/plugins/com.st.stm32cube.ide.mcu.externaltools.gnu-tools-for-stm32.7-2018-q2-update.win32_1.4.0.202007081208/tools/bin/../lib/gcc/arm-none-eabi/7.3.1/../../../../arm-none-eabi/lib/thumb/v7e-m/fpv4-sp/hard\libc_nano.a(lib_a-memset.o)
 .ARM.attributes
                0x00000000000005ef       0x34 d:/work/stm32cubeide_1.4.0/stm32cubeide/plugins/com.st.stm32cube.ide.mcu.externaltools.gnu-tools-for-stm32.7-2018-q2-update.win32_1.4.0.202007081208/tools/bin/../lib/gcc/arm-none-eabi/7.3.1/../../../../arm-none-eabi/lib/thumb/v7e-m/fpv4-sp/hard\libc_nano.a(lib_a-puts.o)
 .ARM.attributes
                0x0000000000000623       0x34 d:/work/stm32cubeide_1.4.0/stm32cubeide/plugins/com.st.stm32cube.ide.mcu.externaltools.gnu-tools-for-stm32.7-2018-q2-update.win32_1.4.0.202007081208/tools/bin/../lib/gcc/arm-none-eabi/7.3.1/../../../../arm-none-eabi/lib/thumb/v7e-m/fpv4-sp/hard\libc_nano.a(lib_a-wbuf.o)
 .ARM.attributes
                0x0000000000000657       0x34 d:/work/stm32cubeide_1.4.0/stm32cubeide/plugins/com.st.stm32cube.ide.mcu.externaltools.gnu-tools-for-stm32.7-2018-q2-update.win32_1.4.0.202007081208/tools/bin/../lib/gcc/arm-none-eabi/7.3.1/../../../../arm-none-eabi/lib/thumb/v7e-m/fpv4-sp/hard\libc_nano.a(lib_a-wsetup.o)
 .ARM.attributes
                0x000000000000068b       0x34 d:/work/stm32cubeide_1.4.0/stm32cubeide/plugins/com.st.stm32cube.ide.mcu.externaltools.gnu-tools-for-stm32.7-2018-q2-update.win32_1.4.0.202007081208/tools/bin/../lib/gcc/arm-none-eabi/7.3.1/../../../../arm-none-eabi/lib/thumb/v7e-m/fpv4-sp/hard\libc_nano.a(lib_a-fflush.o)
 .ARM.attributes
                0x00000000000006bf       0x34 d:/work/stm32cubeide_1.4.0/stm32cubeide/plugins/com.st.stm32cube.ide.mcu.externaltools.gnu-tools-for-stm32.7-2018-q2-update.win32_1.4.0.202007081208/tools/bin/../lib/gcc/arm-none-eabi/7.3.1/../../../../arm-none-eabi/lib/thumb/v7e-m/fpv4-sp/hard\libc_nano.a(lib_a-findfp.o)
 .ARM.attributes
                0x00000000000006f3       0x34 d:/work/stm32cubeide_1.4.0/stm32cubeide/plugins/com.st.stm32cube.ide.mcu.externaltools.gnu-tools-for-stm32.7-2018-q2-update.win32_1.4.0.202007081208/tools/bin/../lib/gcc/arm-none-eabi/7.3.1/../../../../arm-none-eabi/lib/thumb/v7e-m/fpv4-sp/hard\libc_nano.a(lib_a-fwalk.o)
 .ARM.attributes
                0x0000000000000727       0x34 d:/work/stm32cubeide_1.4.0/stm32cubeide/plugins/com.st.stm32cube.ide.mcu.externaltools.gnu-tools-for-stm32.7-2018-q2-update.win32_1.4.0.202007081208/tools/bin/../lib/gcc/arm-none-eabi/7.3.1/../../../../arm-none-eabi/lib/thumb/v7e-m/fpv4-sp/hard\libc_nano.a(lib_a-makebuf.o)
 .ARM.attributes
                0x000000000000075b       0x34 d:/work/stm32cubeide_1.4.0/stm32cubeide/plugins/com.st.stm32cube.ide.mcu.externaltools.gnu-tools-for-stm32.7-2018-q2-update.win32_1.4.0.202007081208/tools/bin/../lib/gcc/arm-none-eabi/7.3.1/../../../../arm-none-eabi/lib/thumb/v7e-m/fpv4-sp/hard\libc_nano.a(lib_a-nano-freer.o)
 .ARM.attributes
                0x000000000000078f       0x34 d:/work/stm32cubeide_1.4.0/stm32cubeide/plugins/com.st.stm32cube.ide.mcu.externaltools.gnu-tools-for-stm32.7-2018-q2-update.win32_1.4.0.202007081208/tools/bin/../lib/gcc/arm-none-eabi/7.3.1/../../../../arm-none-eabi/lib/thumb/v7e-m/fpv4-sp/hard\libc_nano.a(lib_a-nano-mallocr.o)
 .ARM.attributes
                0x00000000000007c3       0x34 d:/work/stm32cubeide_1.4.0/stm32cubeide/plugins/com.st.stm32cube.ide.mcu.externaltools.gnu-tools-for-stm32.7-2018-q2-update.win32_1.4.0.202007081208/tools/bin/../lib/gcc/arm-none-eabi/7.3.1/../../../../arm-none-eabi/lib/thumb/v7e-m/fpv4-sp/hard\libc_nano.a(lib_a-sbrkr.o)
 .ARM.attributes
                0x00000000000007f7       0x34 d:/work/stm32cubeide_1.4.0/stm32cubeide/plugins/com.st.stm32cube.ide.mcu.externaltools.gnu-tools-for-stm32.7-2018-q2-update.win32_1.4.0.202007081208/tools/bin/../lib/gcc/arm-none-eabi/7.3.1/../../../../arm-none-eabi/lib/thumb/v7e-m/fpv4-sp/hard\libc_nano.a(lib_a-stdio.o)
 .ARM.attributes
                0x000000000000082b       0x34 d:/work/stm32cubeide_1.4.0/stm32cubeide/plugins/com.st.stm32cube.ide.mcu.externaltools.gnu-tools-for-stm32.7-2018-q2-update.win32_1.4.0.202007081208/tools/bin/../lib/gcc/arm-none-eabi/7.3.1/../../../../arm-none-eabi/lib/thumb/v7e-m/fpv4-sp/hard\libc_nano.a(lib_a-writer.o)
 .ARM.attributes
                0x000000000000085f       0x34 d:/work/stm32cubeide_1.4.0/stm32cubeide/plugins/com.st.stm32cube.ide.mcu.externaltools.gnu-tools-for-stm32.7-2018-q2-update.win32_1.4.0.202007081208/tools/bin/../lib/gcc/arm-none-eabi/7.3.1/../../../../arm-none-eabi/lib/thumb/v7e-m/fpv4-sp/hard\libc_nano.a(lib_a-closer.o)
 .ARM.attributes
                0x0000000000000893       0x34 d:/work/stm32cubeide_1.4.0/stm32cubeide/plugins/com.st.stm32cube.ide.mcu.externaltools.gnu-tools-for-stm32.7-2018-q2-update.win32_1.4.0.202007081208/tools/bin/../lib/gcc/arm-none-eabi/7.3.1/../../../../arm-none-eabi/lib/thumb/v7e-m/fpv4-sp/hard\libc_nano.a(lib_a-fstatr.o)
 .ARM.attributes
                0x00000000000008c7       0x34 d:/work/stm32cubeide_1.4.0/stm32cubeide/plugins/com.st.stm32cube.ide.mcu.externaltools.gnu-tools-for-stm32.7-2018-q2-update.win32_1.4.0.202007081208/tools/bin/../lib/gcc/arm-none-eabi/7.3.1/../../../../arm-none-eabi/lib/thumb/v7e-m/fpv4-sp/hard\libc_nano.a(lib_a-isattyr.o)
 .ARM.attributes
                0x00000000000008fb       0x34 d:/work/stm32cubeide_1.4.0/stm32cubeide/plugins/com.st.stm32cube.ide.mcu.externaltools.gnu-tools-for-stm32.7-2018-q2-update.win32_1.4.0.202007081208/tools/bin/../lib/gcc/arm-none-eabi/7.3.1/../../../../arm-none-eabi/lib/thumb/v7e-m/fpv4-sp/hard\libc_nano.a(lib_a-lseekr.o)
 .ARM.attributes
                0x000000000000092f       0x34 d:/work/stm32cubeide_1.4.0/stm32cubeide/plugins/com.st.stm32cube.ide.mcu.externaltools.gnu-tools-for-stm32.7-2018-q2-update.win32_1.4.0.202007081208/tools/bin/../lib/gcc/arm-none-eabi/7.3.1/../../../../arm-none-eabi/lib/thumb/v7e-m/fpv4-sp/hard\libc_nano.a(lib_a-mlock.o)
 .ARM.attributes
                0x0000000000000963       0x34 d:/work/stm32cubeide_1.4.0/stm32cubeide/plugins/com.st.stm32cube.ide.mcu.externaltools.gnu-tools-for-stm32.7-2018-q2-update.win32_1.4.0.202007081208/tools/bin/../lib/gcc/arm-none-eabi/7.3.1/../../../../arm-none-eabi/lib/thumb/v7e-m/fpv4-sp/hard\libc_nano.a(lib_a-readr.o)
 .ARM.attributes
                0x0000000000000997       0x34 d:/work/stm32cubeide_1.4.0/stm32cubeide/plugins/com.st.stm32cube.ide.mcu.externaltools.gnu-tools-for-stm32.7-2018-q2-update.win32_1.4.0.202007081208/tools/bin/../lib/gcc/arm-none-eabi/7.3.1/../../../../arm-none-eabi/lib/thumb/v7e-m/fpv4-sp/hard\libc_nano.a(lib_a-reent.o)
 .ARM.attributes
                0x00000000000009cb       0x22 d:/work/stm32cubeide_1.4.0/stm32cubeide/plugins/com.st.stm32cube.ide.mcu.externaltools.gnu-tools-for-stm32.7-2018-q2-update.win32_1.4.0.202007081208/tools/bin/../lib/gcc/arm-none-eabi/7.3.1/thumb/v7e-m/fpv4-sp/hard/crtn.o
OUTPUT(m4test_CM4.elf elf32-littlearm)

.debug_info     0x0000000000000000    0x22553
 .debug_info    0x0000000000000000     0x1a76 Common/System/system_stm32mp1xx.o
 .debug_info    0x0000000000001a76     0x2bcf Core/Src/main.o
 .debug_info    0x0000000000004645     0x2964 Core/Src/stm32mp1xx_hal_msp.o
 .debug_info    0x0000000000006fa9      0x9c3 Core/Src/stm32mp1xx_it.o
 .debug_info    0x000000000000796c      0xebd Core/Src/syscalls.o
 .debug_info    0x0000000000008829      0x985 Core/Src/sysmem.o
 .debug_info    0x00000000000091ae       0x22 Core/Startup/startup_stm32mp157daax.o
 .debug_info    0x00000000000091d0     0x1563 Drivers/STM32MP1xx_HAL_Driver/stm32mp1xx_hal.o
 .debug_info    0x000000000000a733     0x171e Drivers/STM32MP1xx_HAL_Driver/stm32mp1xx_hal_cortex.o
 .debug_info    0x000000000000be51     0x125c Drivers/STM32MP1xx_HAL_Driver/stm32mp1xx_hal_gpio.o
 .debug_info    0x000000000000d0ad     0x2497 Drivers/STM32MP1xx_HAL_Driver/stm32mp1xx_hal_rcc.o
 .debug_info    0x000000000000f544     0x1f40 Drivers/STM32MP1xx_HAL_Driver/stm32mp1xx_hal_rcc_ex.o
 .debug_info    0x0000000000011484     0x3483 Drivers/STM32MP1xx_HAL_Driver/stm32mp1xx_hal_uart.o
 .debug_info    0x0000000000014907     0x182a Drivers/STM32MP1xx_HAL_Driver/stm32mp1xx_hal_uart_ex.o
 .debug_info    0x0000000000016131     0x401f Middlewares/Third_Party/FreeRTOS/cmsis_os2.o
 .debug_info    0x000000000001a150      0xbea Middlewares/Third_Party/FreeRTOS/heap_4.o
 .debug_info    0x000000000001ad3a      0xacb Middlewares/Third_Party/FreeRTOS/list.o
 .debug_info    0x000000000001b805      0x533 Middlewares/Third_Party/FreeRTOS/port.o
 .debug_info    0x000000000001bd38     0x239c Middlewares/Third_Party/FreeRTOS/queue.o
 .debug_info    0x000000000001e0d4     0x29c5 Middlewares/Third_Party/FreeRTOS/tasks.o
 .debug_info    0x0000000000020a99     0x1aba Middlewares/Third_Party/FreeRTOS/timers.o

.debug_abbrev   0x0000000000000000     0x3324
 .debug_abbrev  0x0000000000000000      0x1f4 Common/System/system_stm32mp1xx.o
 .debug_abbrev  0x00000000000001f4      0x2c2 Core/Src/main.o
 .debug_abbrev  0x00000000000004b6      0x203 Core/Src/stm32mp1xx_hal_msp.o
 .debug_abbrev  0x00000000000006b9      0x1ad Core/Src/stm32mp1xx_it.o
 .debug_abbrev  0x0000000000000866      0x261 Core/Src/syscalls.o
 .debug_abbrev  0x0000000000000ac7      0x19b Core/Src/sysmem.o
 .debug_abbrev  0x0000000000000c62       0x12 Core/Startup/startup_stm32mp157daax.o
 .debug_abbrev  0x0000000000000c74      0x2d5 Drivers/STM32MP1xx_HAL_Driver/stm32mp1xx_hal.o
 .debug_abbrev  0x0000000000000f49      0x3a4 Drivers/STM32MP1xx_HAL_Driver/stm32mp1xx_hal_cortex.o
 .debug_abbrev  0x00000000000012ed      0x264 Drivers/STM32MP1xx_HAL_Driver/stm32mp1xx_hal_gpio.o
 .debug_abbrev  0x0000000000001551      0x2bb Drivers/STM32MP1xx_HAL_Driver/stm32mp1xx_hal_rcc.o
 .debug_abbrev  0x000000000000180c      0x27a Drivers/STM32MP1xx_HAL_Driver/stm32mp1xx_hal_rcc_ex.o
 .debug_abbrev  0x0000000000001a86      0x292 Drivers/STM32MP1xx_HAL_Driver/stm32mp1xx_hal_uart.o
 .debug_abbrev  0x0000000000001d18      0x26f Drivers/STM32MP1xx_HAL_Driver/stm32mp1xx_hal_uart_ex.o
 .debug_abbrev  0x0000000000001f87      0x3c3 Middlewares/Third_Party/FreeRTOS/cmsis_os2.o
 .debug_abbrev  0x000000000000234a      0x29e Middlewares/Third_Party/FreeRTOS/heap_4.o
 .debug_abbrev  0x00000000000025e8      0x1cf Middlewares/Third_Party/FreeRTOS/list.o
 .debug_abbrev  0x00000000000027b7      0x210 Middlewares/Third_Party/FreeRTOS/port.o
 .debug_abbrev  0x00000000000029c7      0x336 Middlewares/Third_Party/FreeRTOS/queue.o
 .debug_abbrev  0x0000000000002cfd      0x350 Middlewares/Third_Party/FreeRTOS/tasks.o
 .debug_abbrev  0x000000000000304d      0x2d7 Middlewares/Third_Party/FreeRTOS/timers.o

.debug_aranges  0x0000000000000000     0x10d0
 .debug_aranges
                0x0000000000000000       0x28 Common/System/system_stm32mp1xx.o
 .debug_aranges
                0x0000000000000028       0x58 Core/Src/main.o
 .debug_aranges
                0x0000000000000080       0x30 Core/Src/stm32mp1xx_hal_msp.o
 .debug_aranges
                0x00000000000000b0       0x50 Core/Src/stm32mp1xx_it.o
 .debug_aranges
                0x0000000000000100       0xa8 Core/Src/syscalls.o
 .debug_aranges
                0x00000000000001a8       0x20 Core/Src/sysmem.o
 .debug_aranges
                0x00000000000001c8       0x28 Core/Startup/startup_stm32mp157daax.o
 .debug_aranges
                0x00000000000001f0      0x160 Drivers/STM32MP1xx_HAL_Driver/stm32mp1xx_hal.o
 .debug_aranges
                0x0000000000000350      0x100 Drivers/STM32MP1xx_HAL_Driver/stm32mp1xx_hal_cortex.o
 .debug_aranges
                0x0000000000000450       0x60 Drivers/STM32MP1xx_HAL_Driver/stm32mp1xx_hal_gpio.o
 .debug_aranges
                0x00000000000004b0      0x160 Drivers/STM32MP1xx_HAL_Driver/stm32mp1xx_hal_rcc.o
 .debug_aranges
                0x0000000000000610       0x58 Drivers/STM32MP1xx_HAL_Driver/stm32mp1xx_hal_rcc_ex.o
 .debug_aranges
                0x0000000000000668      0x270 Drivers/STM32MP1xx_HAL_Driver/stm32mp1xx_hal_uart.o
 .debug_aranges
                0x00000000000008d8       0x88 Drivers/STM32MP1xx_HAL_Driver/stm32mp1xx_hal_uart_ex.o
 .debug_aranges
                0x0000000000000960      0x228 Middlewares/Third_Party/FreeRTOS/cmsis_os2.o
 .debug_aranges
                0x0000000000000b88       0x50 Middlewares/Third_Party/FreeRTOS/heap_4.o
 .debug_aranges
                0x0000000000000bd8       0x40 Middlewares/Third_Party/FreeRTOS/list.o
 .debug_aranges
                0x0000000000000c18       0x80 Middlewares/Third_Party/FreeRTOS/port.o
 .debug_aranges
                0x0000000000000c98      0x158 Middlewares/Third_Party/FreeRTOS/queue.o
 .debug_aranges
                0x0000000000000df0      0x1f8 Middlewares/Third_Party/FreeRTOS/tasks.o
 .debug_aranges
                0x0000000000000fe8       0xe8 Middlewares/Third_Party/FreeRTOS/timers.o

.debug_ranges   0x0000000000000000      0xf88
 .debug_ranges  0x0000000000000000       0x18 Common/System/system_stm32mp1xx.o
 .debug_ranges  0x0000000000000018       0x48 Core/Src/main.o
 .debug_ranges  0x0000000000000060       0x20 Core/Src/stm32mp1xx_hal_msp.o
 .debug_ranges  0x0000000000000080       0x40 Core/Src/stm32mp1xx_it.o
 .debug_ranges  0x00000000000000c0       0x98 Core/Src/syscalls.o
 .debug_ranges  0x0000000000000158       0x10 Core/Src/sysmem.o
 .debug_ranges  0x0000000000000168       0x20 Core/Startup/startup_stm32mp157daax.o
 .debug_ranges  0x0000000000000188      0x150 Drivers/STM32MP1xx_HAL_Driver/stm32mp1xx_hal.o
 .debug_ranges  0x00000000000002d8       0xf0 Drivers/STM32MP1xx_HAL_Driver/stm32mp1xx_hal_cortex.o
 .debug_ranges  0x00000000000003c8       0x50 Drivers/STM32MP1xx_HAL_Driver/stm32mp1xx_hal_gpio.o
 .debug_ranges  0x0000000000000418      0x150 Drivers/STM32MP1xx_HAL_Driver/stm32mp1xx_hal_rcc.o
 .debug_ranges  0x0000000000000568       0x48 Drivers/STM32MP1xx_HAL_Driver/stm32mp1xx_hal_rcc_ex.o
 .debug_ranges  0x00000000000005b0      0x260 Drivers/STM32MP1xx_HAL_Driver/stm32mp1xx_hal_uart.o
 .debug_ranges  0x0000000000000810       0x78 Drivers/STM32MP1xx_HAL_Driver/stm32mp1xx_hal_uart_ex.o
 .debug_ranges  0x0000000000000888      0x218 Middlewares/Third_Party/FreeRTOS/cmsis_os2.o
 .debug_ranges  0x0000000000000aa0       0x40 Middlewares/Third_Party/FreeRTOS/heap_4.o
 .debug_ranges  0x0000000000000ae0       0x30 Middlewares/Third_Party/FreeRTOS/list.o
 .debug_ranges  0x0000000000000b10       0x70 Middlewares/Third_Party/FreeRTOS/port.o
 .debug_ranges  0x0000000000000b80      0x148 Middlewares/Third_Party/FreeRTOS/queue.o
 .debug_ranges  0x0000000000000cc8      0x1e8 Middlewares/Third_Party/FreeRTOS/tasks.o
 .debug_ranges  0x0000000000000eb0       0xd8 Middlewares/Third_Party/FreeRTOS/timers.o

.debug_macro    0x0000000000000000    0x391bb
 .debug_macro   0x0000000000000000      0x307 Common/System/system_stm32mp1xx.o
 .debug_macro   0x0000000000000307      0xa60 Common/System/system_stm32mp1xx.o
 .debug_macro   0x0000000000000d67       0xe0 Common/System/system_stm32mp1xx.o
 .debug_macro   0x0000000000000e47       0x2e Common/System/system_stm32mp1xx.o
 .debug_macro   0x0000000000000e75       0x3a Common/System/system_stm32mp1xx.o
 .debug_macro   0x0000000000000eaf       0x22 Common/System/system_stm32mp1xx.o
 .debug_macro   0x0000000000000ed1       0x8e Common/System/system_stm32mp1xx.o
 .debug_macro   0x0000000000000f5f       0x51 Common/System/system_stm32mp1xx.o
 .debug_macro   0x0000000000000fb0       0xef Common/System/system_stm32mp1xx.o
 .debug_macro   0x000000000000109f       0x6a Common/System/system_stm32mp1xx.o
 .debug_macro   0x0000000000001109      0x1df Common/System/system_stm32mp1xx.o
 .debug_macro   0x00000000000012e8       0x1c Common/System/system_stm32mp1xx.o